Component: ARM Compiler 5.06 update 4 (build 422) Tool: armlink [4d35d2]

==============================================================================

Section Cross References

    startup_stm32g473xx.o(STACK) refers (Special) to heapauxi.o(.text) for __use_two_region_memory
    startup_stm32g473xx.o(HEAP) refers (Special) to heapauxi.o(.text) for __use_two_region_memory
    startup_stm32g473xx.o(RESET) refers (Special) to heapauxi.o(.text) for __use_two_region_memory
    startup_stm32g473xx.o(RESET) refers to startup_stm32g473xx.o(STACK) for __initial_sp
    startup_stm32g473xx.o(RESET) refers to startup_stm32g473xx.o(.text) for Reset_Handler
    startup_stm32g473xx.o(RESET) refers to stm32g4xx_it.o(i.NMI_Handler) for NMI_Handler
    startup_stm32g473xx.o(RESET) refers to stm32g4xx_it.o(i.HardFault_Handler) for HardFault_Handler
    startup_stm32g473xx.o(RESET) refers to stm32g4xx_it.o(i.MemManage_Handler) for MemManage_Handler
    startup_stm32g473xx.o(RESET) refers to stm32g4xx_it.o(i.BusFault_Handler) for BusFault_Handler
    startup_stm32g473xx.o(RESET) refers to stm32g4xx_it.o(i.UsageFault_Handler) for UsageFault_Handler
    startup_stm32g473xx.o(RESET) refers to stm32g4xx_it.o(i.SVC_Handler) for SVC_Handler
    startup_stm32g473xx.o(RESET) refers to stm32g4xx_it.o(i.DebugMon_Handler) for DebugMon_Handler
    startup_stm32g473xx.o(RESET) refers to stm32g4xx_it.o(i.PendSV_Handler) for PendSV_Handler
    startup_stm32g473xx.o(RESET) refers to stm32g4xx_it.o(i.SysTick_Handler) for SysTick_Handler
    startup_stm32g473xx.o(RESET) refers to stm32g4xx_it.o(i.FDCAN1_IT0_IRQHandler) for FDCAN1_IT0_IRQHandler
    startup_stm32g473xx.o(RESET) refers to stm32g4xx_it.o(i.FDCAN1_IT1_IRQHandler) for FDCAN1_IT1_IRQHandler
    startup_stm32g473xx.o(RESET) refers to stm32g4xx_it.o(i.FDCAN2_IT0_IRQHandler) for FDCAN2_IT0_IRQHandler
    startup_stm32g473xx.o(RESET) refers to stm32g4xx_it.o(i.FDCAN2_IT1_IRQHandler) for FDCAN2_IT1_IRQHandler
    startup_stm32g473xx.o(.text) refers (Special) to heapauxi.o(.text) for __use_two_region_memory
    startup_stm32g473xx.o(.text) refers to system_stm32g4xx.o(i.SystemInit) for SystemInit
    startup_stm32g473xx.o(.text) refers to __main.o(!!!main) for __main
    startup_stm32g473xx.o(.text) refers to startup_stm32g473xx.o(HEAP) for Heap_Mem
    startup_stm32g473xx.o(.text) refers to startup_stm32g473xx.o(STACK) for Stack_Mem
    motor.o(i.Motor_PID_update) refers to f2d.o(x$fpl$f2d) for __aeabi_f2d
    motor.o(i.Motor_PID_update) refers to daddsub_clz.o(x$fpl$dsub) for __aeabi_dsub
    motor.o(i.Motor_PID_update) refers to d2f.o(x$fpl$d2f) for __aeabi_d2f
    motor.o(i.Motor_PID_update) refers to daddsub_clz.o(x$fpl$dadd) for __aeabi_dadd
    motor.o(i.chasis_moving_encoder) refers to f2d.o(x$fpl$f2d) for __aeabi_f2d
    motor.o(i.chasis_moving_encoder) refers to sin.o(i.__hardfp_sin) for __hardfp_sin
    motor.o(i.chasis_moving_encoder) refers to dmul.o(x$fpl$dmul) for __aeabi_dmul
    motor.o(i.chasis_moving_encoder) refers to cos.o(i.__hardfp_cos) for __hardfp_cos
    motor.o(i.chasis_moving_encoder) refers to daddsub_clz.o(x$fpl$dadd) for __aeabi_dadd
    motor.o(i.chasis_moving_encoder) refers to d2f.o(x$fpl$d2f) for __aeabi_d2f
    motor.o(i.chasis_moving_encoder) refers to daddsub_clz.o(x$fpl$dsub) for __aeabi_dsub
    motor.o(i.chasis_pid_excute) refers to pid.o(i.Calculate_PID) for Calculate_PID
    motor.o(i.follow_pid_excute) refers to pid.o(i.Calculate_follow_PID) for Calculate_follow_PID
    motor.o(i.gimbal_motor_pid_excute) refers to pid.o(i.Calculate_Cascade_PID) for Calculate_Cascade_PID
    motor_message.o(i.chasis_motor_message_send) refers to stm32g4xx_hal_fdcan.o(i.HAL_FDCAN_AddMessageToTxFifoQ) for HAL_FDCAN_AddMessageToTxFifoQ
    motor_message.o(i.gimbal_motor_message_send) refers to stm32g4xx_hal_fdcan.o(i.HAL_FDCAN_AddMessageToTxFifoQ) for HAL_FDCAN_AddMessageToTxFifoQ
    pid.o(i.Calculate_Cascade_PID) refers to pid.o(i.Pre_angle_Cascade_PID) for Pre_angle_Cascade_PID
    pid.o(i.Calculate_Cascade_PID) refers to pid.o(i.Calculate_Ex_PID) for Calculate_Ex_PID
    pid.o(i.Calculate_Cascade_PID) refers to pid.o(i.Calculate_In_PID) for Calculate_In_PID
    pid.o(i.Calculate_follow_PID) refers to pid.o(i.Pre_angle_Cascade_PID) for Pre_angle_Cascade_PID
    main.o(i.HAL_FDCAN_RxFifo0Callback) refers to stm32g4xx_hal_fdcan.o(i.HAL_FDCAN_GetRxMessage) for HAL_FDCAN_GetRxMessage
    main.o(i.HAL_FDCAN_RxFifo0Callback) refers to motor_message.o(i.fdcan_message_get) for fdcan_message_get
    main.o(i.HAL_FDCAN_RxFifo0Callback) refers to main.o(i.get_gimbal_chasis_angle_gap) for get_gimbal_chasis_angle_gap
    main.o(i.HAL_FDCAN_RxFifo0Callback) refers to dr16.o(i.DR16_command_process) for DR16_command_process
    main.o(i.HAL_FDCAN_RxFifo0Callback) refers to motor.o(i.gimbal_control) for gimbal_control
    main.o(i.HAL_FDCAN_RxFifo0Callback) refers to motor.o(i.chasis_moving_encoder) for chasis_moving_encoder
[...]
    ../clib/libinit.s                        0x00000000   Number         0  libinit.o ABSOLUTE
    ../clib/memcpset.s                       0x00000000   Number         0  rt_memclr_w.o ABSOLUTE
    ../clib/signal.c                         0x00000000   Number         0  defsig_fpe_inner.o ABSOLUTE
    ../clib/signal.c                         0x00000000   Number         0  defsig_rtred_inner.o ABSOLUTE
    ../clib/signal.c                         0x00000000   Number         0  defsig_stak_inner.o ABSOLUTE
    ../clib/signal.c                         0x00000000   Number         0  defsig_pvfn_inner.o ABSOLUTE
    ../clib/signal.c                         0x00000000   Number         0  defsig_cppl_inner.o ABSOLUTE
    ../clib/signal.c                         0x00000000   Number         0  defsig_segv_inner.o ABSOLUTE
    ../clib/signal.c                         0x00000000   Number         0  defsig_other.o ABSOLUTE
    ../clib/signal.c                         0x00000000   Number         0  defsig_exit.o ABSOLUTE
    ../clib/signal.c                         0x00000000   Number         0  defsig_rtmem_outer.o ABSOLUTE
    ../clib/signal.c                         0x00000000   Number         0  defsig_rtmem_formal.o ABSOLUTE
    ../clib/signal.c                         0x00000000   Number         0  defsig_rtmem_inner.o ABSOLUTE
    ../clib/signal.c                         0x00000000   Number         0  __raise.o ABSOLUTE
    ../clib/signal.c                         0x00000000   Number         0  defsig_general.o ABSOLUTE
    ../clib/signal.c                         0x00000000   Number         0  defsig_abrt_inner.o ABSOLUTE
    ../clib/signal.s                         0x00000000   Number         0  defsig.o ABSOLUTE
    ../clib/stdlib.c                         0x00000000   Number         0  exit.o ABSOLUTE
    ../fplib/basic.s                         0x00000000   Number         0  basic.o ABSOLUTE
    ../fplib/d2f.s                           0x00000000   Number         0  d2f.o ABSOLUTE
    ../fplib/daddsub.s                       0x00000000   Number         0  daddsub_clz.o ABSOLUTE
    ../fplib/ddiv.s                          0x00000000   Number         0  ddiv.o ABSOLUTE
    ../fplib/dfix.s                          0x00000000   Number         0  dfix.o ABSOLUTE
    ../fplib/dflt.s                          0x00000000   Number         0  dflt_clz.o ABSOLUTE
    ../fplib/dmul.s                          0x00000000   Number         0  dmul.o ABSOLUTE
    ../fplib/dnaninf.s                       0x00000000   Number         0  dnaninf.o ABSOLUTE
    ../fplib/dretinf.s                       0x00000000   Number         0  dretinf.o ABSOLUTE
    ../fplib/f2d.s                           0x00000000   Number         0  f2d.o ABSOLUTE
    ../fplib/fnaninf.s                       0x00000000   Number         0  fnaninf.o ABSOLUTE
    ../fplib/fpinit.s                        0x00000000   Number         0  fpinit.o ABSOLUTE
    ../fplib/fretinf.s                       0x00000000   Number         0  fretinf.o ABSOLUTE
    ../fplib/usenofp.s                       0x00000000   Number         0  usenofp.o ABSOLUTE
    ../mathlib/cos.c                         0x00000000   Number         0  cos.o ABSOLUTE
    ../mathlib/cos.c                         0x00000000   Number         0  cos_x.o ABSOLUTE
    ../mathlib/cos_i.c                       0x00000000   Number         0  cos_i.o ABSOLUTE
    ../mathlib/dunder.c                      0x00000000   Number         0  dunder.o ABSOLUTE
    ../mathlib/fabs.c                        0x00000000   Number         0  fabs.o ABSOLUTE
    ../mathlib/fpclassify.c                  0x00000000   Number         0  fpclassify.o ABSOLUTE
    ../mathlib/poly.c                        0x00000000   Number         0  poly.o ABSOLUTE
    ../mathlib/rred.c                        0x00000000   Number         0  rred.o ABSOLUTE
    ../mathlib/sin.c                         0x00000000   Number         0  sin.o ABSOLUTE
    ../mathlib/sin.c                         0x00000000   Number         0  sin_x.o ABSOLUTE
    ../mathlib/sin_i.c                       0x00000000   Number         0  sin_i.o ABSOLUTE
    ../mathlib/sin_i.c                       0x00000000   Number         0  sin_i_x.o ABSOLUTE
    ..\Core\Src\DR16.c                       0x00000000   Number         0  dr16.o ABSOLUTE
    ..\Core\Src\fdcan.c                      0x00000000   Number         0  fdcan.o ABSOLUTE
    ..\Core\Src\gpio.c                       0x00000000   Number         0  gpio.o ABSOLUTE
    ..\Core\Src\main.c                       0x00000000   Number         0  main.o ABSOLUTE
    ..\Core\Src\motor.c                      0x00000000   Number         0  motor.o ABSOLUTE
    ..\Core\Src\motor_message.c              0x00000000   Number         0  motor_message.o ABSOLUTE
    ..\Core\Src\pid.c                        0x00000000   Number         0  pid.o ABSOLUTE
    ..\Core\Src\stm32g4xx_hal_msp.c          0x00000000   Number         0  stm32g4xx_hal_msp.o ABSOLUTE
    ..\Core\Src\stm32g4xx_it.c               0x00000000   Number         0  stm32g4xx_it.o ABSOLUTE
    ..\Core\Src\system_stm32g4xx.c           0x00000000   Number         0  system_stm32g4xx.o ABSOLUTE
    ..\Drivers\STM32G4xx_HAL_Driver\Src\stm32g4xx_hal.c 0x00000000   Number         0  stm32g4xx_hal.o ABSOLUTE
    ..\Drivers\STM32G4xx_HAL_Driver\Src\stm32g4xx_hal_cortex.c 0x00000000   Number         0  stm32g4xx_hal_cortex.o ABSOLUTE
    ..\Drivers\STM32G4xx_HAL_Driver\Src\stm32g4xx_hal_dma.c 0x00000000   Number         0  stm32g4xx_hal_dma.o ABSOLUTE
    ..\Drivers\STM32G4xx_HAL_Driver\Src\stm32g4xx_hal_dma_ex.c 0x00000000   Number         0  stm32g4xx_hal_dma_ex.o ABSOLUTE
    ..\Drivers\STM32G4xx_HAL_Driver\Src\stm32g4xx_hal_exti.c 0x00000000   Number         0  stm32g4xx_hal_exti.o ABSOLUTE
    ..\Drivers\STM32G4xx_HAL_Driver\Src\stm32g4xx_hal_fdcan.c 0x00000000   Number         0  stm32g4xx_hal_fdcan.o ABSOLUTE
    ..\Drivers\STM32G4xx_HAL_Driver\Src\stm32g4xx_hal_flash.c 0x00000000   Number         0  stm32g4xx_hal_flash.o ABSOLUTE
    ..\Drivers\STM32G4xx_HAL_Driver\Src\stm32g4xx_hal_flash_ex.c 0x00000000   Number         0  stm32g4xx_hal_flash_ex.o ABSOLUTE
    ..\Drivers\STM32G4xx_HAL_Driver\Src\stm32g4xx_hal_flash_ramfunc.c 0x00000000   Number         0  stm32g4xx_hal_flash_ramfunc.o ABSOLUTE
    ..\Drivers\STM32G4xx_HAL_Driver\Src\stm32g4xx_hal_gpio.c 0x00000000   Number         0  stm32g4xx_hal_gpio.o ABSOLUTE
    ..\Drivers\STM32G4xx_HAL_Driver\Src\stm32g4xx_hal_pwr.c 0x00000000   Number         0  stm32g4xx_hal_pwr.o ABSOLUTE
    ..\Drivers\STM32G4xx_HAL_Driver\Src\stm32g4xx_hal_pwr_ex.c 0x00000000   Number         0  stm32g4xx_hal_pwr_ex.o ABSOLUTE
    ..\Drivers\STM32G4xx_HAL_Driver\Src\stm32g4xx_hal_rcc.c 0x00000000   Number         0  stm32g4xx_hal_rcc.o ABSOLUTE
    ..\Drivers\STM32G4xx_HAL_Driver\Src\stm32g4xx_hal_rcc_ex.c 0x00000000   Number         0  stm32g4xx_hal_rcc_ex.o ABSOLUTE
    ..\Drivers\STM32G4xx_HAL_Driver\Src\stm32g4xx_hal_tim.c 0x00000000   Number         0  stm32g4xx_hal_tim.o ABSOLUTE
    ..\Drivers\STM32G4xx_HAL_Driver\Src\stm32g4xx_hal_tim_ex.c 0x00000000   Number         0  stm32g4xx_hal_tim_ex.o ABSOLUTE
    ..\\Core\\Src\\DR16.c                    0x00000000   Number         0  dr16.o ABSOLUTE
    ..\\Core\\Src\\motor.c                   0x00000000   Number         0  motor.o ABSOLUTE
    ..\\Core\\Src\\motor_message.c           0x00000000   Number         0  motor_message.o ABSOLUTE
    ..\\Core\\Src\\pid.c                     0x00000000   Number         0  pid.o ABSOLUTE
    dc.s                                     0x00000000   Number         0  dc.o ABSOLUTE
    startup_stm32g473xx.s                    0x00000000   Number         0  startup_stm32g473xx.o ABSOLUTE
    RESET                                    0x08000000   Section      472  startup_stm32g473xx.o(RESET)
    !!!main                                  0x080001d8   Section        8  __main.o(!!!main)
    !!!scatter                               0x080001e0   Section       52  __scatter.o(!!!scatter)
    !!handler_copy                           0x08000214   Section       26  __scatter_copy.o(!!handler_copy)
    !!handler_zi                             0x08000230   Section       28  __scatter_zi.o(!!handler_zi)
    .ARM.Collect$$libinit$$00000000          0x0800024c   Section        2  libinit.o(.ARM.Collect$$libinit$$00000000)
    .ARM.Collect$$libinit$$00000001          0x0800024e   Section        4  libinit2.o(.ARM.Collect$$libinit$$00000001)
    .ARM.Collect$$libinit$$00000004          0x08000252   Section        0  libinit2.o(.ARM.Collect$$libinit$$00000004)
    .ARM.Collect$$libinit$$0000000A          0x08000252   Section        0  libinit2.o(.ARM.Collect$$libinit$$0000000A)
    .ARM.Collect$$libinit$$0000000C          0x08000252   Section        0  libinit2.o(.ARM.Collect$$libinit$$0000000C)
    .ARM.Collect$$libinit$$0000000E          0x08000252   Section        0  libinit2.o(.ARM.Collect$$libinit$$0000000E)
    .ARM.Collect$$libinit$$00000011          0x08000252   Section        0  libinit2.o(.ARM.Collect$$libinit$$00000011)
    .ARM.Collect$$libinit$$00000013          0x08000252   Section        0  libinit2.o(.ARM.Collect$$libinit$$00000013)
    .ARM.Collect$$libinit$$00000015          0x08000252   Section        0  libinit2.o(.ARM.Collect$$libinit$$00000015)
    .ARM.Collect$$libinit$$00000017          0x08000252   Section        0  libinit2.o(.ARM.Collect$$libinit$$00000017)
    .ARM.Collect$$libinit$$00000019          0x08000252   Section        0  libinit2.o(.ARM.Collect$$libinit$$00000019)
    .ARM.Collect$$libinit$$0000001B          0x08000252   Section        0  libinit2.o(.ARM.Collect$$libinit$$0000001B)
    .ARM.Collect$$libinit$$0000001D          0x08000252   Section        0  libinit2.o(.ARM.Collect$$libinit$$0000001D)
    .ARM.Collect$$libinit$$0000001F          0x08000252   Section        0  libinit2.o(.ARM.Collect$$libinit$$0000001F)
    .ARM.Collect$$libinit$$00000021          0x08000252   Section        0  libinit2.o(.ARM.Collect$$libinit$$00000021)
    .ARM.Collect$$libinit$$00000023          0x08000252   Section        0  libinit2.o(.ARM.Collect$$libinit$$00000023)
    .ARM.Collect$$libinit$$00000025          0x08000252   Section        0  libinit2.o(.ARM.Collect$$libinit$$00000025)
    .ARM.Collect$$libinit$$0000002C          0x08000252   Section        0  libinit2.o(.ARM.Collect$$libinit$$0000002C)
    .ARM.Collect$$libinit$$0000002E          0x08000252   Section        0  libinit2.o(.ARM.Collect$$libinit$$0000002E)
    .ARM.Collect$$libinit$$00000030          0x08000252   Section        0  libinit2.o(.ARM.Collect$$libinit$$00000030)
    .ARM.Collect$$libinit$$00000032          0x08000252   Section        0  libinit2.o(.ARM.Collect$$libinit$$00000032)
    .ARM.Collect$$libinit$$00000033          0x08000252   Section        2  libinit2.o(.ARM.Collect$$libinit$$00000033)
    .ARM.Collect$$libshutdown$$00000000      0x08000254   Section        2  libshutdown.o(.ARM.Collect$$libshutdown$$00000000)
    .ARM.Collect$$libshutdown$$00000002      0x08000256   Section        0  libshutdown2.o(.ARM.Collect$$libshutdown$$00000002)
    .ARM.Collect$$libshutdown$$00000004      0x08000256   Section        0  libshutdown2.o(.ARM.Collect$$libshutdown$$00000004)
    .ARM.Collect$$libshutdown$$00000007      0x08000256   Section        0  libshutdown2.o(.ARM.Collect$$libshutdown$$00000007)
    .ARM.Collect$$libshutdown$$0000000A      0x08000256   Section        0  libshutdown2.o(.ARM.Collect$$libshutdown$$0000000A)
    .ARM.Collect$$libshutdown$$0000000C      0x08000256   Section        0  libshutdown2.o(.ARM.Collect$$libshutdown$$0000000C)
    .ARM.Collect$$libshutdown$$0000000F      0x08000256   Section        0  libshutdown2.o(.ARM.Collect$$libshutdown$$0000000F)
    .ARM.Collect$$libshutdown$$00000010      0x08000256   Section        2  libshutdown2.o(.ARM.Collect$$libshutdown$$00000010)
    .ARM.Collect$$rtentry$$00000000          0x08000258   Section        0  __rtentry.o(.ARM.Collect$$rtentry$$00000000)
    .ARM.Collect$$rtentry$$00000002          0x08000258   Section        0  __rtentry2.o(.ARM.Collect$$rtentry$$00000002)
    .ARM.Collect$$rtentry$$00000004          0x08000258   Section        6  __rtentry4.o(.ARM.Collect$$rtentry$$00000004)
    .ARM.Collect$$rtentry$$00000009          0x0800025e   Section        0  __rtentry2.o(.ARM.Collect$$rtentry$$00000009)
    .ARM.Collect$$rtentry$$0000000A          0x0800025e   Section        4  __rtentry2.o(.ARM.Collect$$rtentry$$0000000A)
    .ARM.Collect$$rtentry$$0000000C          0x08000262   Section        0  __rtentry2.o(.ARM.Collect$$rtentry$$0000000C)
    .ARM.Collect$$rtentry$$0000000D          0x08000262   Section        8  __rtentry2.o(.ARM.Collect$$rtentry$$0000000D)
    .ARM.Collect$$rtexit$$00000000           0x0800026a   Section        2  rtexit.o(.ARM.Collect$$rtexit$$00000000)
    .ARM.Collect$$rtexit$$00000002           0x0800026c   Section        0  rtexit2.o(.ARM.Collect$$rtexit$$00000002)
    .ARM.Collect$$rtexit$$00000003           0x0800026c   Section        4  rtexit2.o(.ARM.Collect$$rtexit$$00000003)
    .ARM.Collect$$rtexit$$00000004           0x08000270   Section        6  rtexit2.o(.ARM.Collect$$rtexit$$00000004)
    .text                                    0x08000278   Section       64  startup_stm32g473xx.o(.text)
    $v0                                      0x08000278   Number         0  startup_stm32g473xx.o(.text)
    .text                                    0x080002b8   Section       78  rt_memclr_w.o(.text)
    .text                                    0x08000306   Section        0  heapauxi.o(.text)
    .text                                    0x0800030c   Section        0  _rserrno.o(.text)
    .text                                    0x08000324   Section        8  rt_errno_addr_intlibspace.o(.text)
    .text                                    0x0800032c   Section        8  libspace.o(.text)
    .text                                    0x08000334   Section       74  sys_stackheap_outer.o(.text)
    .text                                    0x0800037e   Section        0  exit.o(.text)
    .text                                    0x08000390   Section        0  sys_exit.o(.text)
    .text                                    0x0800039c   Section        2  use_no_semi.o(.text)
    .text                                    0x0800039e   Section        0  indicate_semi.o(.text)
    i.BusFault_Handler                       0x0800039e   Section        0  stm32g4xx_it.o(i.BusFault_Handler)
    i.Calculate_Cascade_PID                  0x080003a0   Section        0  pid.o(i.Calculate_Cascade_PID)
    i.Calculate_Ex_PID                       0x080003b8   Section        0  pid.o(i.Calculate_Ex_PID)
    i.Calculate_In_PID                       0x08000478   Section        0  pid.o(i.Calculate_In_PID)
    i.Calculate_PID                          0x08000534   Section        0  pid.o(i.Calculate_PID)
    i.Calculate_follow_PID                   0x080005f0   Section        0  pid.o(i.Calculate_follow_PID)
    i.Clear_Cascade_PID                      0x080006b4   Section        0  pid.o(i.Clear_Cascade_PID)
    i.DR16_command_process                   0x080006f8   Section        0  dr16.o(i.DR16_command_process)
    i.DebugMon_Handler                       0x08000742   Section        0  stm32g4xx_it.o(i.DebugMon_Handler)
    i.Error_Handler                          0x08000744   Section        0  main.o(i.Error_Handler)
    i.FDCAN1_IT0_IRQHandler                  0x08000748   Section        0  stm32g4xx_it.o(i.FDCAN1_IT0_IRQHandler)
    i.FDCAN1_IT1_IRQHandler                  0x08000754   Section        0  stm32g4xx_it.o(i.FDCAN1_IT1_IRQHandler)
    i.FDCAN2_IT0_IRQHandler                  0x08000760   Section        0  stm32g4xx_it.o(i.FDCAN2_IT0_IRQHandler)
    i.FDCAN2_IT1_IRQHandler                  0x0800076c   Section        0  stm32g4xx_it.o(i.FDCAN2_IT1_IRQHandler)
    i.FDCAN_CopyMessageToRAM                 0x08000778   Section        0  stm32g4xx_hal_fdcan.o(i.FDCAN_CopyMessageToRAM)
    FDCAN_CopyMessageToRAM                   0x08000779   Thumb Code    96  stm32g4xx_hal_fdcan.o(i.FDCAN_CopyMessageToRAM)
    i.HAL_FDCAN_ActivateNotification         0x080007dc   Section        0  stm32g4xx_hal_fdcan.o(i.HAL_FDCAN_ActivateNotification)
    i.HAL_FDCAN_AddMessageToTxFifoQ          0x080008bc   Section        0  stm32g4xx_hal_fdcan.o(i.HAL_FDCAN_AddMessageToTxFifoQ)
    i.HAL_FDCAN_ConfigFilter                 0x08000906   Section        0  stm32g4xx_hal_fdcan.o(i.HAL_FDCAN_ConfigFilter)
    i.HAL_FDCAN_ErrorCallback                0x08000962   Section        0  stm32g4xx_hal_fdcan.o(i.HAL_FDCAN_ErrorCallback)
    i.HAL_FDCAN_ErrorStatusCallback          0x08000964   Section        0  stm32g4xx_hal_fdcan.o(i.HAL_FDCAN_ErrorStatusCallback)
    i.HAL_FDCAN_GetRxMessage                 0x08000968   Section        0  stm32g4xx_hal_fdcan.o(i.HAL_FDCAN_GetRxMessage)
    i.HAL_FDCAN_HighPriorityMessageCallback  0x08000a7c   Section        0  stm32g4xx_hal_fdcan.o(i.HAL_FDCAN_HighPriorityMessageCallback)
    i.HAL_FDCAN_IRQHandler                   0x08000a7e   Section        0  stm32g4xx_hal_fdcan.o(i.HAL_FDCAN_IRQHandler)
    i.HAL_FDCAN_Init                         0x08000be4   Section        0  stm32g4xx_hal_fdcan.o(i.HAL_FDCAN_Init)
    i.HAL_FDCAN_MspInit                      0x08000dfc   Section        0  fdcan.o(i.HAL_FDCAN_MspInit)
    i.HAL_FDCAN_RxFifo0Callback              0x08000f30   Section        0  main.o(i.HAL_FDCAN_RxFifo0Callback)
    i.HAL_FDCAN_RxFifo1Callback              0x0800101c   Section        0  stm32g4xx_hal_fdcan.o(i.HAL_FDCAN_RxFifo1Callback)
    i.HAL_FDCAN_Start                        0x0800101e   Section        0  stm32g4xx_hal_fdcan.o(i.HAL_FDCAN_Start)
    i.HAL_FDCAN_TimeoutOccurredCallback      0x0800104a   Section        0  stm32g4xx_hal_fdcan.o(i.HAL_FDCAN_TimeoutOccurredCallback)
    i.HAL_FDCAN_TimestampWraparoundCallback  0x0800104c   Section        0  stm32g4xx_hal_fdcan.o(i.HAL_FDCAN_TimestampWraparoundCallback)
    i.HAL_FDCAN_TxBufferAbortCallback        0x0800104e   Section        0  stm32g4xx_hal_fdcan.o(i.HAL_FDCAN_TxBufferAbortCallback)
    i.HAL_FDCAN_TxBufferCompleteCallback     0x08001050   Section        0  stm32g4xx_hal_fdcan.o(i.HAL_FDCAN_TxBufferCompleteCallback)
    i.HAL_FDCAN_TxEventFifoCallback          0x08001052   Section        0  stm32g4xx_hal_fdcan.o(i.HAL_FDCAN_TxEventFifoCallback)
    i.HAL_FDCAN_TxFifoEmptyCallback          0x08001054   Section        0  stm32g4xx_hal_fdcan.o(i.HAL_FDCAN_TxFifoEmptyCallback)
    i.HAL_GPIO_Init                          0x08001058   Section        0  stm32g4xx_hal_gpio.o(i.HAL_GPIO_Init)
    i.HAL_GetTick                            0x080012a0   Section        0  stm32g4xx_hal.o(i.HAL_GetTick)
    i.HAL_IncTick                            0x080012ac   Section        0  stm32g4xx_hal.o(i.HAL_IncTick)
    i.HAL_Init                               0x080012bc   Section        0  stm32g4xx_hal.o(i.HAL_Init)
    i.HAL_InitTick                           0x080012dc   Section        0  stm32g4xx_hal.o(i.HAL_InitTick)
    i.HAL_MspInit                            0x08001320   Section        0  stm32g4xx_hal_msp.o(i.HAL_MspInit)
    i.HAL_NVIC_EnableIRQ                     0x08001350   Section        0  stm32g4xx_hal_cortex.o(i.HAL_NVIC_EnableIRQ)
    i.HAL_NVIC_SetPriority                   0x0800136c   Section        0  stm32g4xx_hal_cortex.o(i.HAL_NVIC_SetPriority)
    i.HAL_NVIC_SetPriorityGrouping           0x080013ac   Section        0  stm32g4xx_hal_cortex.o(i.HAL_NVIC_SetPriorityGrouping)
    i.HAL_PWREx_ControlVoltageScaling        0x080013d0   Section        0  stm32g4xx_hal_pwr_ex.o(i.HAL_PWREx_ControlVoltageScaling)
    i.HAL_PWREx_DisableUCPDDeadBattery       0x0800148c   Section        0  stm32g4xx_hal_pwr_ex.o(i.HAL_PWREx_DisableUCPDDeadBattery)
    i.HAL_RCCEx_PeriphCLKConfig              0x0800149c   Section        0  stm32g4xx_hal_rcc_ex.o(i.HAL_RCCEx_PeriphCLKConfig)
    i.HAL_RCC_ClockConfig                    0x0800179c   Section        0  stm32g4xx_hal_rcc.o(i.HAL_RCC_ClockConfig)
    i.HAL_RCC_GetSysClockFreq                0x08001978   Section        0  stm32g4xx_hal_rcc.o(i.HAL_RCC_GetSysClockFreq)
    i.HAL_RCC_OscConfig                      0x080019e4   Section        0  stm32g4xx_hal_rcc.o(i.HAL_RCC_OscConfig)
    i.HAL_SYSTICK_Config                     0x08001de8   Section        0  stm32g4xx_hal_cortex.o(i.HAL_SYSTICK_Config)
    i.HardFault_Handler                      0x08001e10   Section        0  stm32g4xx_it.o(i.HardFault_Handler)
    i.Init_Cascade_PID                       0x08001e14   Section        0  pid.o(i.Init_Cascade_PID)
    i.Init_Motors                            0x08001e78   Section        0  main.o(i.Init_Motors)
    i.Init_can_filter                        0x08001ecc   Section        0  main.o(i.Init_can_filter)
    i.Init_chasis_PID                        0x08001f2c   Section        0  pid.o(i.Init_chasis_PID)
    i.Init_follow_PID                        0x08001f68   Section        0  pid.o(i.Init_follow_PID)
    i.MX_FDCAN1_Init                         0x08001fb0   Section        0  fdcan.o(i.MX_FDCAN1_Init)
    i.MX_FDCAN2_Init                         0x08002000   Section        0  fdcan.o(i.MX_FDCAN2_Init)
    i.MX_GPIO_Init                           0x08002050   Section        0  gpio.o(i.MX_GPIO_Init)
    i.MemManage_Handler                      0x0800208c   Section        0  stm32g4xx_it.o(i.MemManage_Handler)
    i.Motor_PID_update                       0x08002090   Section        0  motor.o(i.Motor_PID_update)
    i.NMI_Handler                            0x080021cc   Section        0  stm32g4xx_it.o(i.NMI_Handler)
    i.PendSV_Handler                         0x080021ce   Section        0  stm32g4xx_it.o(i.PendSV_Handler)
    i.Pre_angle_Cascade_PID                  0x080021d0   Section        0  pid.o(i.Pre_angle_Cascade_PID)
    i.SVC_Handler                            0x08002214   Section        0  stm32g4xx_it.o(i.SVC_Handler)
    i.SysTick_Handler                        0x08002216   Section        0  stm32g4xx_it.o(i.SysTick_Handler)
    i.SystemClock_Config                     0x0800221a   Section        0  main.o(i.SystemClock_Config)
    i.SystemInit                             0x08002284   Section        0  system_stm32g4xx.o(i.SystemInit)
    i.UsageFault_Handler                     0x08002294   Section        0  stm32g4xx_it.o(i.UsageFault_Handler)
    i.__ARM_fpclassify                       0x08002296   Section        0  fpclassify.o(i.__ARM_fpclassify)
    i.__NVIC_SetPriority                     0x080022c6   Section        0  stm32g4xx_hal_cortex.o(i.__NVIC_SetPriority)
    __NVIC_SetPriority                       0x080022c7   Thumb Code    32  stm32g4xx_hal_cortex.o(i.__NVIC_SetPriority)
    i.__hardfp_cos                           0x080022e8   Section        0  cos.o(i.__hardfp_cos)
    i.__hardfp_sin                           0x080023b0   Section        0  sin.o(i.__hardfp_sin)
    i.__ieee754_rem_pio2                     0x08002478   Section        0  rred.o(i.__ieee754_rem_pio2)
    i.__kernel_cos                           0x080028b0   Section        0  cos_i.o(i.__kernel_cos)
    i.__kernel_poly                          0x08002a20   Section        0  poly.o(i.__kernel_poly)
    i.__kernel_sin                           0x08002b18   Section        0  sin_i.o(i.__kernel_sin)
    i.__mathlib_dbl_infnan                   0x08002c48   Section        0  dunder.o(i.__mathlib_dbl_infnan)
    i.__mathlib_dbl_invalid                  0x08002c60   Section        0  dunder.o(i.__mathlib_dbl_invalid)
    i.__mathlib_dbl_underflow                0x08002c80   Section        0  dunder.o(i.__mathlib_dbl_underflow)
    i.chasis_motor_message_send              0x08002ca0   Section        0  motor_message.o(i.chasis_motor_message_send)
    i.chasis_moving_encoder                  0x08002d14   Section        0  motor.o(i.chasis_moving_encoder)
    i.chasis_pid_excute                      0x08002e8c   Section        0  motor.o(i.chasis_pid_excute)
    i.fabs                                   0x08002ef0   Section        0  fabs.o(i.fabs)
    i.fdcan_message_get                      0x08002f08   Section        0  motor_message.o(i.fdcan_message_get)
    i.follow_pid_excute                      0x08002f44   Section        0  motor.o(i.follow_pid_excute)
    i.get_gimbal_angle                       0x08002f4c   Section        0  main.o(i.get_gimbal_angle)
    i.get_gimbal_chasis_angle_gap            0x08002f74   Section        0  main.o(i.get_gimbal_chasis_angle_gap)
    i.gimbal_control                         0x08002fe0   Section        0  motor.o(i.gimbal_control)
    i.gimbal_motor_message_send              0x08003040   Section        0  motor_message.o(i.gimbal_motor_message_send)
    i.gimbal_motor_pid_excute                0x08003078   Section        0  motor.o(i.gimbal_motor_pid_excute)
    i.main                                   0x08003094   Section        0  main.o(i.main)
    x$fpl$basic                              0x080030fc   Section       24  basic.o(x$fpl$basic)
    $v0                                      0x080030fc   Number         0  basic.o(x$fpl$basic)
    x$fpl$d2f                                0x08003114   Section       98  d2f.o(x$fpl$d2f)
    $v0                                      0x08003114   Number         0  d2f.o(x$fpl$d2f)
    x$fpl$dadd                               0x08003178   Section      336  daddsub_clz.o(x$fpl$dadd)
    $v0                                      0x08003178   Number         0  daddsub_clz.o(x$fpl$dadd)
    _dadd1                                   0x08003189   Thumb Code     0  daddsub_clz.o(x$fpl$dadd)
    x$fpl$ddiv                               0x080032c8   Section      688  ddiv.o(x$fpl$ddiv)
    $v0                                      0x080032c8   Number         0  ddiv.o(x$fpl$ddiv)
    ddiv_entry                               0x080032cf   Thumb Code     0  ddiv.o(x$fpl$ddiv)
    x$fpl$dfix                               0x08003578   Section       94  dfix.o(x$fpl$dfix)
    $v0                                      0x08003578   Number         0  dfix.o(x$fpl$dfix)
    x$fpl$dflt                               0x080035d6   Section       46  dflt_clz.o(x$fpl$dflt)
    $v0                                      0x080035d6   Number         0  dflt_clz.o(x$fpl$dflt)
    x$fpl$dfltu                              0x08003604   Section       38  dflt_clz.o(x$fpl$dfltu)
    $v0                                      0x08003604   Number         0  dflt_clz.o(x$fpl$dfltu)
    x$fpl$dmul                               0x0800362c   Section      340  dmul.o(x$fpl$dmul)
    $v0                                      0x0800362c   Number         0  dmul.o(x$fpl$dmul)
    x$fpl$dnaninf                            0x08003780   Section      156  dnaninf.o(x$fpl$dnaninf)
    $v0                                      0x08003780   Number         0  dnaninf.o(x$fpl$dnaninf)
    x$fpl$dretinf                            0x0800381c   Section       12  dretinf.o(x$fpl$dretinf)
    $v0                                      0x0800381c   Number         0  dretinf.o(x$fpl$dretinf)
    x$fpl$drsb                               0x08003828   Section       22  daddsub_clz.o(x$fpl$drsb)
    $v0                                      0x08003828   Number         0  daddsub_clz.o(x$fpl$drsb)
    x$fpl$dsub                               0x08003840   Section      468  daddsub_clz.o(x$fpl$dsub)
    $v0                                      0x08003840   Number         0  daddsub_clz.o(x$fpl$dsub)
    _dsub1                                   0x08003851   Thumb Code     0  daddsub_clz.o(x$fpl$dsub)
    x$fpl$f2d                                0x08003a14   Section       86  f2d.o(x$fpl$f2d)
    $v0                                      0x08003a14   Number         0  f2d.o(x$fpl$f2d)
    x$fpl$fnaninf                            0x08003a6a   Section      140  fnaninf.o(x$fpl$fnaninf)
    $v0                                      0x08003a6a   Number         0  fnaninf.o(x$fpl$fnaninf)
    x$fpl$fpinit                             0x08003af6   Section       10  fpinit.o(x$fpl$fpinit)
    $v0                                      0x08003af6   Number         0  fpinit.o(x$fpl$fpinit)
    x$fpl$fretinf                            0x08003b00   Section       10  fretinf.o(x$fpl$fretinf)
    $v0                                      0x08003b00   Number         0  fretinf.o(x$fpl$fretinf)
    .constdata                               0x08003b0a   Section       16  stm32g4xx_hal_fdcan.o(.constdata)
    x$fpl$usenofp                            0x08003b0a   Section        0  usenofp.o(x$fpl$usenofp)
    DLCtoBytes                               0x08003b0a   Data          16  stm32g4xx_hal_fdcan.o(.constdata)
    .constdata                               0x08003b1a   Section       16  system_stm32g4xx.o(.constdata)
    .constdata                               0x08003b30   Section       48  cos_i.o(.constdata)
    C                                        0x08003b30   Data          48  cos_i.o(.constdata)
    .constdata                               0x08003b60   Section      200  rred.o(.constdata)
    pio2s                                    0x08003b60   Data          48  rred.o(.constdata)
    twooverpi                                0x08003b90   Data         152  rred.o(.constdata)
    .constdata                               0x08003c28   Section       40  sin_i.o(.constdata)
    S                                        0x08003c28   Data          40  sin_i.o(.constdata)
    .data                                    0x20000000   Section        4  main.o(.data)
    .data                                    0x20000004   Section        4  fdcan.o(.data)
    HAL_RCC_FDCAN_CLK_ENABLED                0x20000004   Data           4  fdcan.o(.data)
    .data                                    0x20000008   Section       12  stm32g4xx_hal.o(.data)
    .data                                    0x20000014   Section        4  system_stm32g4xx.o(.data)
    .bss                                     0x20000018   Section      712  main.o(.bss)
    .bss                                     0x200002e0   Section      200  fdcan.o(.bss)
    .bss                                     0x200003a8   Section       96  libspace.o(.bss)
    HEAP                                     0x20000408   Section      512  startup_stm32g473xx.o(HEAP)
    Heap_Mem                                 0x20000408   Data         512  startup_stm32g473xx.o(HEAP)
    STACK                                    0x20000608   Section     1024  startup_stm32g473xx.o(STACK)
    Stack_Mem                                0x20000608   Data        1024  startup_stm32g473xx.o(STACK)
    __initial_sp                             0x20000a08   Data           0  startup_stm32g473xx.o(STACK)

    Global Symbols

    Symbol Name                              Value     Ov Type        Size  Object(Section)

    BuildAttributes$$THM_ISAv4$E$P$D$K$B$S$7EM$VFPi3$EXTD16$VFPS$VFMA$PE$A:L22UL41UL21$X:L11$S22US41US21$IEEE1$IW$USESV6$~STKCKD$USESV7$~SHL$OTIME$ROPI$IEEEX$EBA8$UX$STANDARDLIB$REQ8$PRES8$EABIv2 0x00000000   Number         0  anon$$obj.o ABSOLUTE
    __ARM_use_no_argv                        0x00000000   Number         0  main.o ABSOLUTE
    __ARM_exceptions_init                     - Undefined Weak Reference
    __alloca_initialize                       - Undefined Weak Reference
    __arm_preinit_                            - Undefined Weak Reference
    __cpp_initialize__aeabi_                  - Undefined Weak Reference
    __cxa_finalize                            - Undefined Weak Reference
    __rt_locale                               - Undefined Weak Reference
    __sigvec_lookup                           - Undefined Weak Reference
    _atexit_init                              - Undefined Weak Reference
    _call_atexit_fns                          - Undefined Weak Reference
    _clock_init                               - Undefined Weak Reference
    _fp_trap_init                             - Undefined Weak Reference
    _fp_trap_shutdown                         - Undefined Weak Reference
    _get_lc_collate                           - Undefined Weak Reference
    _get_lc_ctype                             - Undefined Weak Reference
    _get_lc_monetary                          - Undefined Weak Reference
    _get_lc_numeric                           - Undefined Weak Reference
    _get_lc_time                              - Undefined Weak Reference
    _getenv_init                              - Undefined Weak Reference
    _handle_redirection                       - Undefined Weak Reference
    _init_alloc                               - Undefined Weak Reference
    _init_user_alloc                          - Undefined Weak Reference
    _initio                                   - Undefined Weak Reference
    _rand_init                                - Undefined Weak Reference
    _signal_finish                            - Undefined Weak Reference
    _signal_init                              - Undefined Weak Reference
    _terminate_alloc                          - Undefined Weak Reference
    _terminate_user_alloc                     - Undefined Weak Reference
    _terminateio                              - Undefined Weak Reference
    __Vectors_Size                           0x000001d8   Number         0  startup_stm32g473xx.o ABSOLUTE
    __Vectors                                0x08000000   Data           4  startup_stm32g473xx.o(RESET)
    __Vectors_End                            0x080001d8   Data           0  startup_stm32g473xx.o(RESET)
    __main                                   0x080001d9   Thumb Code     8  __main.o(!!!main)
    __scatterload                            0x080001e1   Thumb Code     0  __scatter.o(!!!scatter)
    __scatterload_rt2                        0x080001e1   Thumb Code    44  __scatter.o(!!!scatter)
    __scatterload_rt2_thumb_only             0x080001e1   Thumb Code     0  __scatter.o(!!!scatter)
    __scatterload_null                       0x080001ef   Thumb Code     0  __scatter.o(!!!scatter)
    __scatterload_copy                       0x08000215   Thumb Code    26  __scatter_copy.o(!!handler_copy)
    __scatterload_zeroinit                   0x08000231   Thumb Code    28  __scatter_zi.o(!!handler_zi)
    __rt_lib_init                            0x0800024d   Thumb Code     0  libinit.o(.ARM.Collect$$libinit$$00000000)
    __rt_lib_init_fp_1                       0x0800024f   Thumb Code     0  libinit2.o(.ARM.Collect$$libinit$$00000001)
    __rt_lib_init_alloca_1                   0x08000253   Thumb Code     0  libinit2.o(.ARM.Collect$$libinit$$0000002E)
    __rt_lib_init_argv_1                     0x08000253   Thumb Code     0  libinit2.o(.ARM.Collect$$libinit$$0000002C)
    __rt_lib_init_atexit_1                   0x08000253   Thumb Code     0  libinit2.o(.ARM.Collect$$libinit$$0000001B)
    __rt_lib_init_clock_1                    0x08000253   Thumb Code     0  libinit2.o(.ARM.Collect$$libinit$$00000021)
    __rt_lib_init_cpp_1                      0x08000253   Thumb Code     0  libinit2.o(.ARM.Collect$$libinit$$00000032)
    __rt_lib_init_exceptions_1               0x08000253   Thumb Code     0  libinit2.o(.ARM.Collect$$libinit$$00000030)
    __rt_lib_init_fp_trap_1                  0x08000253   Thumb Code     0  libinit2.o(.ARM.Collect$$libinit$$0000001F)
    __rt_lib_init_getenv_1                   0x08000253   Thumb Code     0  libinit2.o(.ARM.Collect$$libinit$$00000023)
    __rt_lib_init_heap_1                     0x08000253   Thumb Code     0  libinit2.o(.ARM.Collect$$libinit$$0000000A)
    __rt_lib_init_lc_collate_1               0x08000253   Thumb Code     0  libinit2.o(.ARM.Collect$$libinit$$00000011)
    __rt_lib_init_lc_ctype_1                 0x08000253   Thumb Code     0  libinit2.o(.ARM.Collect$$libinit$$00000013)
    __rt_lib_init_lc_monetary_1              0x08000253   Thumb Code     0  libinit2.o(.ARM.Collect$$libinit$$00000015)
    __rt_lib_init_lc_numeric_1               0x08000253   Thumb Code     0  libinit2.o(.ARM.Collect$$libinit$$00000017)
    __rt_lib_init_lc_time_1                  0x08000253   Thumb Code     0  libinit2.o(.ARM.Collect$$libinit$$00000019)
    __rt_lib_init_preinit_1                  0x08000253   Thumb Code     0  libinit2.o(.ARM.Collect$$libinit$$00000004)
    __rt_lib_init_rand_1                     0x08000253   Thumb Code     0  libinit2.o(.ARM.Collect$$libinit$$0000000E)
    __rt_lib_init_return                     0x08000253   Thumb Code     0  libinit2.o(.ARM.Collect$$libinit$$00000033)
    __rt_lib_init_signal_1                   0x08000253   Thumb Code     0  libinit2.o(.ARM.Collect$$libinit$$0000001D)
    __rt_lib_init_stdio_1                    0x08000253   Thumb Code     0  libinit2.o(.ARM.Collect$$libinit$$00000025)
    __rt_lib_init_user_alloc_1               0x08000253   Thumb Code     0  libinit2.o(.ARM.Collect$$libinit$$0000000C)
    __rt_lib_shutdown                        0x08000255   Thumb Code     0  libshutdown.o(.ARM.Collect$$libshutdown$$00000000)
    __rt_lib_shutdown_cpp_1                  0x08000257   Thumb Code     0  libshutdown2.o(.ARM.Collect$$libshutdown$$00000002)
    __rt_lib_shutdown_fp_trap_1              0x08000257   Thumb Code     0  libshutdown2.o(.ARM.Collect$$libshutdown$$00000007)
    __rt_lib_shutdown_heap_1                 0x08000257   Thumb Code     0  libshutdown2.o(.ARM.Collect$$libshutdown$$0000000F)
    __rt_lib_shutdown_return                 0x08000257   Thumb Code     0  libshutdown2.o(.ARM.Collect$$libshutdown$$00000010)
    __rt_lib_shutdown_signal_1               0x08000257   Thumb Code     0  libshutdown2.o(.ARM.Collect$$libshutdown$$0000000A)
    __rt_lib_shutdown_stdio_1                0x08000257   Thumb Code     0  libshutdown2.o(.ARM.Collect$$libshutdown$$00000004)
    __rt_lib_shutdown_user_alloc_1           0x08000257   Thumb Code     0  libshutdown2.o(.ARM.Collect$$libshutdown$$0000000C)
    __rt_entry                               0x08000259   Thumb Code     0  __rtentry.o(.ARM.Collect$$rtentry$$00000000)
    __rt_entry_presh_1                       0x08000259   Thumb Code     0  __rtentry2.o(.ARM.Collect$$rtentry$$00000002)
    __rt_entry_sh                            0x08000259   Thumb Code     0  __rtentry4.o(.ARM.Collect$$rtentry$$00000004)
    __rt_entry_li                            0x0800025f   Thumb Code     0  __rtentry2.o(.ARM.Collect$$rtentry$$0000000A)
    __rt_entry_postsh_1                      0x0800025f   Thumb Code     0  __rtentry2.o(.ARM.Collect$$rtentry$$00000009)
    __rt_entry_main                          0x08000263   Thumb Code     0  __rtentry2.o(.ARM.Collect$$rtentry$$0000000D)
    __rt_entry_postli_1                      0x08000263   Thumb Code     0  __rtentry2.o(.ARM.Collect$$rtentry$$0000000C)
    __rt_exit                                0x0800026b   Thumb Code     0  rtexit.o(.ARM.Collect$$rtexit$$00000000)
    __rt_exit_ls                             0x0800026d   Thumb Code     0  rtexit2.o(.ARM.Collect$$rtexit$$00000003)
    __rt_exit_prels_1                        0x0800026d   Thumb Code     0  rtexit2.o(.ARM.Collect$$rtexit$$00000002)
    __rt_exit_exit                           0x08000271   Thumb Code     0  rtexit2.o(.ARM.Collect$$rtexit$$00000004)
    Reset_Handler                            0x08000279   Thumb Code     8  startup_stm32g473xx.o(.text)
    ADC1_2_IRQHandler                        0x08000293   Thumb Code     0  startup_stm32g473xx.o(.text)
    ADC3_IRQHandler                          0x08000293   Thumb Code     0  startup_stm32g473xx.o(.text)
    ADC4_IRQHandler                          0x08000293   Thumb Code     0  startup_stm32g473xx.o(.text)
    ADC5_IRQHandler                          0x08000293   Thumb Code     0  startup_stm32g473xx.o(.text)
    COMP1_2_3_IRQHandler                     0x08000293   Thumb Code     0  startup_stm32g473xx.o(.text)
    COMP4_5_6_IRQHandler                     0x08000293   Thumb Code     0  startup_stm32g473xx.o(.text)
    COMP7_IRQHandler                         0x08000293   Thumb Code     0  startup_stm32g473xx.o(.text)
    CORDIC_IRQHandler                        0x08000293   Thumb Code     0  startup_stm32g473xx.o(.text)
    CRS_IRQHandler                           0x08000293   Thumb Code     0  startup_stm32g473xx.o(.text)
    DMA1_Channel1_IRQHandler                 0x08000293   Thumb Code     0  startup_stm32g473xx.o(.text)
    DMA1_Channel2_IRQHandler                 0x08000293   Thumb Code     0  startup_stm32g473xx.o(.text)
    DMA1_Channel3_IRQHandler                 0x08000293   Thumb Code     0  startup_stm32g473xx.o(.text)
    DMA1_Channel4_IRQHandler                 0x08000293   Thumb Code     0  startup_stm32g473xx.o(.text)
    DMA1_Channel5_IRQHandler                 0x08000293   Thumb Code     0  startup_stm32g473xx.o(.text)
    DMA1_Channel6_IRQHandler                 0x08000293   Thumb Code     0  startup_stm32g473xx.o(.text)
    DMA1_Channel7_IRQHandler                 0x08000293   Thumb Code     0  startup_stm32g473xx.o(.text)
    DMA1_Channel8_IRQHandler                 0x08000293   Thumb Code     0  startup_stm32g473xx.o(.text)
    DMA2_Channel1_IRQHandler                 0x08000293   Thumb Code     0  startup_stm32g473xx.o(.text)
    DMA2_Channel2_IRQHandler                 0x08000293   Thumb Code     0  startup_stm32g473xx.o(.text)
    DMA2_Channel3_IRQHandler                 0x08000293   Thumb Code     0  startup_stm32g473xx.o(.text)
    DMA2_Channel4_IRQHandler                 0x08000293   Thumb Code     0  startup_stm32g473xx.o(.text)
    DMA2_Channel5_IRQHandler                 0x08000293   Thumb Code     0  startup_stm32g473xx.o(.text)
    DMA2_Channel6_IRQHandler                 0x08000293   Thumb Code     0  startup_stm32g473xx.o(.text)
    DMA2_Channel7_IRQHandler                 0x08000293   Thumb Code     0  startup_stm32g473xx.o(.text)
    DMA2_Channel8_IRQHandler                 0x08000293   Thumb Code     0  startup_stm32g473xx.o(.text)
    DMAMUX_OVR_IRQHandler                    0x08000293   Thumb Code     0  startup_stm32g473xx.o(.text)
    EXTI0_IRQHandler                         0x08000293   Thumb Code     0  startup_stm32g473xx.o(.text)
    EXTI15_10_IRQHandler                     0x08000293   Thumb Code     0  startup_stm32g473xx.o(.text)
    EXTI1_IRQHandler                         0x08000293   Thumb Code     0  startup_stm32g473xx.o(.text)
    EXTI2_IRQHandler                         0x08000293   Thumb Code     0  startup_stm32g473xx.o(.text)
    EXTI3_IRQHandler                         0x08000293   Thumb Code     0  startup_stm32g473xx.o(.text)
    EXTI4_IRQHandler                         0x08000293   Thumb Code     0  startup_stm32g473xx.o(.text)
    EXTI9_5_IRQHandler                       0x08000293   Thumb Code     0  startup_stm32g473xx.o(.text)
    FDCAN3_IT0_IRQHandler                    0x08000293   Thumb Code     0  startup_stm32g473xx.o(.text)
    FDCAN3_IT1_IRQHandler                    0x08000293   Thumb Code     0  startup_stm32g473xx.o(.text)
    FLASH_IRQHandler                         0x08000293   Thumb Code     0  startup_stm32g473xx.o(.text)
    FMAC_IRQHandler                          0x08000293   Thumb Code     0  startup_stm32g473xx.o(.text)
    FMC_IRQHandler                           0x08000293   Thumb Code     0  startup_stm32g473xx.o(.text)
    FPU_IRQHandler                           0x08000293   Thumb Code     0  startup_stm32g473xx.o(.text)
    I2C1_ER_IRQHandler                       0x08000293   Thumb Code     0  startup_stm32g473xx.o(.text)
    I2C1_EV_IRQHandler                       0x08000293   Thumb Code     0  startup_stm32g473xx.o(.text)
    I2C2_ER_IRQHandler                       0x08000293   Thumb Code     0  startup_stm32g473xx.o(.text)
    I2C2_EV_IRQHandler                       0x08000293   Thumb Code     0  startup_stm32g473xx.o(.text)
    I2C3_ER_IRQHandler                       0x08000293   Thumb Code     0  startup_stm32g473xx.o(.text)
    I2C3_EV_IRQHandler                       0x08000293   Thumb Code     0  startup_stm32g473xx.o(.text)
    I2C4_ER_IRQHandler                       0x08000293   Thumb Code     0  startup_stm32g473xx.o(.text)
    I2C4_EV_IRQHandler                       0x08000293   Thumb Code     0  startup_stm32g473xx.o(.text)
    LPTIM1_IRQHandler                        0x08000293   Thumb Code     0  startup_stm32g473xx.o(.text)
    LPUART1_IRQHandler                       0x08000293   Thumb Code     0  startup_stm32g473xx.o(.text)
    PVD_PVM_IRQHandler                       0x08000293   Thumb Code     0  startup_stm32g473xx.o(.text)
    QUADSPI_IRQHandler                       0x08000293   Thumb Code     0  startup_stm32g473xx.o(.text)
    RCC_IRQHandler                           0x08000293   Thumb Code     0  startup_stm32g473xx.o(.text)
    RNG_IRQHandler                           0x08000293   Thumb Code     0  startup_stm32g473xx.o(.text)
    RTC_Alarm_IRQHandler                     0x08000293   Thumb Code     0  startup_stm32g473xx.o(.text)
    RTC_TAMP_LSECSS_IRQHandler               0x08000293   Thumb Code     0  startup_stm32g473xx.o(.text)
    RTC_WKUP_IRQHandler                      0x08000293   Thumb Code     0  startup_stm32g473xx.o(.text)
    SAI1_IRQHandler                          0x08000293   Thumb Code     0  startup_stm32g473xx.o(.text)
    SPI1_IRQHandler                          0x08000293   Thumb Code     0  startup_stm32g473xx.o(.text)
    SPI2_IRQHandler                          0x08000293   Thumb Code     0  startup_stm32g473xx.o(.text)
    SPI3_IRQHandler                          0x08000293   Thumb Code     0  startup_stm32g473xx.o(.text)
    SPI4_IRQHandler                          0x08000293   Thumb Code     0  startup_stm32g473xx.o(.text)
    TIM1_BRK_TIM15_IRQHandler                0x08000293   Thumb Code     0  startup_stm32g473xx.o(.text)
    TIM1_CC_IRQHandler                       0x08000293   Thumb Code     0  startup_stm32g473xx.o(.text)
    TIM1_TRG_COM_TIM17_IRQHandler            0x08000293   Thumb Code     0  startup_stm32g473xx.o(.text)
    TIM1_UP_TIM16_IRQHandler                 0x08000293   Thumb Code     0  startup_stm32g473xx.o(.text)
    TIM20_BRK_IRQHandler                     0x08000293   Thumb Code     0  startup_stm32g473xx.o(.text)
    TIM20_CC_IRQHandler                      0x08000293   Thumb Code     0  startup_stm32g473xx.o(.text)
    TIM20_TRG_COM_IRQHandler                 0x08000293   Thumb Code     0  startup_stm32g473xx.o(.text)
    TIM20_UP_IRQHandler                      0x08000293   Thumb Code     0  startup_stm32g473xx.o(.text)
    TIM2_IRQHandler                          0x08000293   Thumb Code     0  startup_stm32g473xx.o(.text)
    TIM3_IRQHandler                          0x08000293   Thumb Code     0  startup_stm32g473xx.o(.text)
    TIM4_IRQHandler                          0x08000293   Thumb Code     0  startup_stm32g473xx.o(.text)
    TIM5_IRQHandler                          0x08000293   Thumb Code     0  startup_stm32g473xx.o(.text)
    TIM6_DAC_IRQHandler                      0x08000293   Thumb Code     0  startup_stm32g473xx.o(.text)
    TIM7_DAC_IRQHandler                      0x08000293   Thumb Code     0  startup_stm32g473xx.o(.text)
    TIM8_BRK_IRQHandler                      0x08000293   Thumb Code     0  startup_stm32g473xx.o(.text)
    TIM8_CC_IRQHandler                       0x08000293   Thumb Code     0  startup_stm32g473xx.o(.text)
    TIM8_TRG_COM_IRQHandler                  0x08000293   Thumb Code     0  startup_stm32g473xx.o(.text)
    TIM8_UP_IRQHandler                       0x08000293   Thumb Code     0  startup_stm32g473xx.o(.text)
    UART4_IRQHandler                         0x08000293   Thumb Code     0  startup_stm32g473xx.o(.text)
    UART5_IRQHandler                         0x08000293   Thumb Code     0  startup_stm32g473xx.o(.text)
    UCPD1_IRQHandler                         0x08000293   Thumb Code     0  startup_stm32g473xx.o(.text)
    USART1_IRQHandler                        0x08000293   Thumb Code     0  startup_stm32g473xx.o(.text)
    USART2_IRQHandler                        0x08000293   Thumb Code     0  startup_stm32g473xx.o(.text)
    USART3_IRQHandler                        0x08000293   Thumb Code     0  startup_stm32g473xx.o(.text)
    USBWakeUp_IRQHandler                     0x08000293   Thumb Code     0  startup_stm32g473xx.o(.text)
    USB_HP_IRQHandler                        0x08000293   Thumb Code     0  startup_stm32g473xx.o(.text)
    USB_LP_IRQHandler                        0x08000293   Thumb Code     0  startup_stm32g473xx.o(.text)
    WWDG_IRQHandler                          0x08000293   Thumb Code     0  startup_stm32g473xx.o(.text)
    __user_initial_stackheap                 0x08000295   Thumb Code     0  startup_stm32g473xx.o(.text)
    __aeabi_memclr4                          0x080002b9   Thumb Code     0  rt_memclr_w.o(.text)
    __aeabi_memclr8                          0x080002b9   Thumb Code     0  rt_memclr_w.o(.text)
    __rt_memclr_w                            0x080002b9   Thumb Code    78  rt_memclr_w.o(.text)
    _memset_w                                0x080002bd   Thumb Code     0  rt_memclr_w.o(.text)
    __use_two_region_memory                  0x08000307   Thumb Code     2  heapauxi.o(.text)
    __rt_heap_escrow$2region                 0x08000309   Thumb Code     2  heapauxi.o(.text)
    __rt_heap_expand$2region                 0x0800030b   Thumb Code     2  heapauxi.o(.text)
    __read_errno                             0x0800030d   Thumb Code    10  _rserrno.o(.text)
    __set_errno                              0x08000317   Thumb Code    12  _rserrno.o(.text)
    __aeabi_errno_addr                       0x08000325   Thumb Code     8  rt_errno_addr_intlibspace.o(.text)
    __errno$intlibspace                      0x08000325   Thumb Code     0  rt_errno_addr_intlibspace.o(.text)
    __rt_errno_addr$intlibspace              0x08000325   Thumb Code     0  rt_errno_addr_intlibspace.o(.text)
    __user_libspace                          0x0800032d   Thumb Code     8  libspace.o(.text)
    __user_perproc_libspace                  0x0800032d   Thumb Code     0  libspace.o(.text)
    __user_perthread_libspace                0x0800032d   Thumb Code     0  libspace.o(.text)
    __user_setup_stackheap                   0x08000335   Thumb Code    74  sys_stackheap_outer.o(.text)
    exit                                     0x0800037f   Thumb Code    18  exit.o(.text)
    _sys_exit                                0x08000391   Thumb Code     8  sys_exit.o(.text)
    __I$use$semihosting                      0x0800039d   Thumb Code     0  use_no_semi.o(.text)
    __use_no_semihosting_swi                 0x0800039d   Thumb Code     2  use_no_semi.o(.text)
    BusFault_Handler                         0x0800039f   Thumb Code     2  stm32g4xx_it.o(i.BusFault_Handler)
    __semihosting_library_function           0x0800039f   Thumb Code     0  indicate_semi.o(.text)
    Calculate_Cascade_PID                    0x080003a1   Thumb Code    24  pid.o(i.Calculate_Cascade_PID)
    Calculate_Ex_PID                         0x080003b9   Thumb Code   174  pid.o(i.Calculate_Ex_PID)
    Calculate_In_PID                         0x08000479   Thumb Code   170  pid.o(i.Calculate_In_PID)
    Calculate_PID                            0x08000535   Thumb Code   170  pid.o(i.Calculate_PID)
    Calculate_follow_PID                     0x080005f1   Thumb Code   178  pid.o(i.Calculate_follow_PID)
    Clear_Cascade_PID                        0x080006b5   Thumb Code    58  pid.o(i.Clear_Cascade_PID)
    DR16_command_process                     0x080006f9   Thumb Code    74  dr16.o(i.DR16_command_process)
    DebugMon_Handler                         0x08000743   Thumb Code     2  stm32g4xx_it.o(i.DebugMon_Handler)
    Error_Handler                            0x08000745   Thumb Code     4  main.o(i.Error_Handler)
    FDCAN1_IT0_IRQHandler                    0x08000749   Thumb Code     6  stm32g4xx_it.o(i.FDCAN1_IT0_IRQHandler)
    FDCAN1_IT1_IRQHandler                    0x08000755   Thumb Code     6  stm32g4xx_it.o(i.FDCAN1_IT1_IRQHandler)
    FDCAN2_IT0_IRQHandler                    0x08000761   Thumb Code     6  stm32g4xx_it.o(i.FDCAN2_IT0_IRQHandler)
    FDCAN2_IT1_IRQHandler                    0x0800076d   Thumb Code     6  stm32g4xx_it.o(i.FDCAN2_IT1_IRQHandler)
    HAL_FDCAN_ActivateNotification           0x080007dd   Thumb Code   224  stm32g4xx_hal_fdcan.o(i.HAL_FDCAN_ActivateNotification)
    HAL_FDCAN_AddMessageToTxFifoQ            0x080008bd   Thumb Code    74  stm32g4xx_hal_fdcan.o(i.HAL_FDCAN_AddMessageToTxFifoQ)
    HAL_FDCAN_ConfigFilter                   0x08000907   Thumb Code    92  stm32g4xx_hal_fdcan.o(i.HAL_FDCAN_ConfigFilter)
    HAL_FDCAN_ErrorCallback                  0x08000963   Thumb Code     2  stm32g4xx_hal_fdcan.o(i.HAL_FDCAN_ErrorCallback)
    HAL_FDCAN_ErrorStatusCallback            0x08000965   Thumb Code     2  stm32g4xx_hal_fdcan.o(i.HAL_FDCAN_ErrorStatusCallback)
    HAL_FDCAN_GetRxMessage                   0x08000969   Thumb Code   270  stm32g4xx_hal_fdcan.o(i.HAL_FDCAN_GetRxMessage)
    HAL_FDCAN_HighPriorityMessageCallback    0x08000a7d   Thumb Code     2  stm32g4xx_hal_fdcan.o(i.HAL_FDCAN_HighPriorityMessageCallback)
    HAL_FDCAN_IRQHandler                     0x08000a7f   Thumb Code   356  stm32g4xx_hal_fdcan.o(i.HAL_FDCAN_IRQHandler)
    HAL_FDCAN_Init                           0x08000be5   Thumb Code   512  stm32g4xx_hal_fdcan.o(i.HAL_FDCAN_Init)
    HAL_FDCAN_MspInit                        0x08000dfd   Thumb Code   286  fdcan.o(i.HAL_FDCAN_MspInit)
    HAL_FDCAN_RxFifo0Callback                0x08000f31   Thumb Code   210  main.o(i.HAL_FDCAN_RxFifo0Callback)
    HAL_FDCAN_RxFifo1Callback                0x0800101d   Thumb Code     2  stm32g4xx_hal_fdcan.o(i.HAL_FDCAN_RxFifo1Callback)
    HAL_FDCAN_Start                          0x0800101f   Thumb Code    44  stm32g4xx_hal_fdcan.o(i.HAL_FDCAN_Start)
    HAL_FDCAN_TimeoutOccurredCallback        0x0800104b   Thumb Code     2  stm32g4xx_hal_fdcan.o(i.HAL_FDCAN_TimeoutOccurredCallback)
    HAL_FDCAN_TimestampWraparoundCallback    0x0800104d   Thumb Code     2  stm32g4xx_hal_fdcan.o(i.HAL_FDCAN_TimestampWraparoundCallback)
    HAL_FDCAN_TxBufferAbortCallback          0x0800104f   Thumb Code     2  stm32g4xx_hal_fdcan.o(i.HAL_FDCAN_TxBufferAbortCallback)
    HAL_FDCAN_TxBufferCompleteCallback       0x08001051   Thumb Code     2  stm32g4xx_hal_fdcan.o(i.HAL_FDCAN_TxBufferCompleteCallback)
    HAL_FDCAN_TxEventFifoCallback            0x08001053   Thumb Code     2  stm32g4xx_hal_fdcan.o(i.HAL_FDCAN_TxEventFifoCallback)
    HAL_FDCAN_TxFifoEmptyCallback            0x08001055   Thumb Code     2  stm32g4xx_hal_fdcan.o(i.HAL_FDCAN_TxFifoEmptyCallback)
    HAL_GPIO_Init                            0x08001059   Thumb Code   550  stm32g4xx_hal_gpio.o(i.HAL_GPIO_Init)
    HAL_GetTick                              0x080012a1   Thumb Code     6  stm32g4xx_hal.o(i.HAL_GetTick)
    HAL_IncTick                              0x080012ad   Thumb Code    12  stm32g4xx_hal.o(i.HAL_IncTick)
    HAL_Init                                 0x080012bd   Thumb Code    30  stm32g4xx_hal.o(i.HAL_Init)
    HAL_InitTick                             0x080012dd   Thumb Code    58  stm32g4xx_hal.o(i.HAL_InitTick)
    HAL_MspInit                              0x08001321   Thumb Code    42  stm32g4xx_hal_msp.o(i.HAL_MspInit)
    HAL_NVIC_EnableIRQ                       0x08001351   Thumb Code    26  stm32g4xx_hal_cortex.o(i.HAL_NVIC_EnableIRQ)
    HAL_NVIC_SetPriority                     0x0800136d   Thumb Code    60  stm32g4xx_hal_cortex.o(i.HAL_NVIC_SetPriority)
    HAL_NVIC_SetPriorityGrouping             0x080013ad   Thumb Code    26  stm32g4xx_hal_cortex.o(i.HAL_NVIC_SetPriorityGrouping)
    HAL_PWREx_ControlVoltageScaling          0x080013d1   Thumb Code   174  stm32g4xx_hal_pwr_ex.o(i.HAL_PWREx_ControlVoltageScaling)
    HAL_PWREx_DisableUCPDDeadBattery         0x0800148d   Thumb Code    12  stm32g4xx_hal_pwr_ex.o(i.HAL_PWREx_DisableUCPDDeadBattery)
    HAL_RCCEx_PeriphCLKConfig                0x0800149d   Thumb Code   758  stm32g4xx_hal_rcc_ex.o(i.HAL_RCCEx_PeriphCLKConfig)
    HAL_RCC_ClockConfig                      0x0800179d   Thumb Code   444  stm32g4xx_hal_rcc.o(i.HAL_RCC_ClockConfig)
    HAL_RCC_GetSysClockFreq                  0x08001979   Thumb Code    98  stm32g4xx_hal_rcc.o(i.HAL_RCC_GetSysClockFreq)
    HAL_RCC_OscConfig                        0x080019e5   Thumb Code  1028  stm32g4xx_hal_rcc.o(i.HAL_RCC_OscConfig)
    HAL_SYSTICK_Config                       0x08001de9   Thumb Code    40  stm32g4xx_hal_cortex.o(i.HAL_SYSTICK_Config)
    HardFault_Handler                        0x08001e11   Thumb Code     2  stm32g4xx_it.o(i.HardFault_Handler)
    Init_Cascade_PID                         0x08001e15   Thumb Code    74  pid.o(i.Init_Cascade_PID)
    Init_Motors                              0x08001e79   Thumb Code    72  main.o(i.Init_Motors)
    Init_can_filter                          0x08001ecd   Thumb Code    86  main.o(i.Init_can_filter)
    Init_chasis_PID                          0x08001f2d   Thumb Code    42  pid.o(i.Init_chasis_PID)
    Init_follow_PID                          0x08001f69   Thumb Code    50  pid.o(i.Init_follow_PID)
    MX_FDCAN1_Init                           0x08001fb1   Thumb Code    70  fdcan.o(i.MX_FDCAN1_Init)
    MX_FDCAN2_Init                           0x08002001   Thumb Code    70  fdcan.o(i.MX_FDCAN2_Init)
    MX_GPIO_Init                             0x08002051   Thumb Code    54  gpio.o(i.MX_GPIO_Init)
    MemManage_Handler                        0x0800208d   Thumb Code     2  stm32g4xx_it.o(i.MemManage_Handler)
    Motor_PID_update                         0x08002091   Thumb Code   294  motor.o(i.Motor_PID_update)
    NMI_Handler                              0x080021cd   Thumb Code     2  stm32g4xx_it.o(i.NMI_Handler)
    PendSV_Handler                           0x080021cf   Thumb Code     2  stm32g4xx_it.o(i.PendSV_Handler)
    Pre_angle_Cascade_PID                    0x080021d1   Thumb Code    54  pid.o(i.Pre_angle_Cascade_PID)
    SVC_Handler                              0x08002215   Thumb Code     2  stm32g4xx_it.o(i.SVC_Handler)
    SysTick_Handler                          0x08002217   Thumb Code     4  stm32g4xx_it.o(i.SysTick_Handler)
    SystemClock_Config                       0x0800221b   Thumb Code   104  main.o(i.SystemClock_Config)
    SystemInit                               0x08002285   Thumb Code    12  system_stm32g4xx.o(i.SystemInit)
    UsageFault_Handler                       0x08002295   Thumb Code     2  stm32g4xx_it.o(i.UsageFault_Handler)
    __ARM_fpclassify                         0x08002297   Thumb Code    48  fpclassify.o(i.__ARM_fpclassify)
    __hardfp_cos                             0x080022e9   Thumb Code   180  cos.o(i.__hardfp_cos)
    __hardfp_sin                             0x080023b1   Thumb Code   180  sin.o(i.__hardfp_sin)
    __ieee754_rem_pio2                       0x08002479   Thumb Code   938  rred.o(i.__ieee754_rem_pio2)
    __kernel_cos                             0x080028b1   Thumb Code   322  cos_i.o(i.__kernel_cos)
    __kernel_poly                            0x08002a21   Thumb Code   248  poly.o(i.__kernel_poly)
    __kernel_sin                             0x08002b19   Thumb Code   280  sin_i.o(i.__kernel_sin)
    __mathlib_dbl_infnan                     0x08002c49   Thumb Code    20  dunder.o(i.__mathlib_dbl_infnan)
    __mathlib_dbl_invalid                    0x08002c61   Thumb Code    24  dunder.o(i.__mathlib_dbl_invalid)
    __mathlib_dbl_underflow                  0x08002c81   Thumb Code    24  dunder.o(i.__mathlib_dbl_underflow)
    chasis_motor_message_send                0x08002ca1   Thumb Code   114  motor_message.o(i.chasis_motor_message_send)
    chasis_moving_encoder                    0x08002d15   Thumb Code   358  motor.o(i.chasis_moving_encoder)
    chasis_pid_excute                        0x08002e8d   Thumb Code   100  motor.o(i.chasis_pid_excute)
    fabs                                     0x08002ef1   Thumb Code    24  fabs.o(i.fabs)
    fdcan_message_get                        0x08002f09   Thumb Code    60  motor_message.o(i.fdcan_message_get)
    follow_pid_excute                        0x08002f45   Thumb Code     8  motor.o(i.follow_pid_excute)
    get_gimbal_angle                         0x08002f4d   Thumb Code    36  main.o(i.get_gimbal_angle)
    get_gimbal_chasis_angle_gap              0x08002f75   Thumb Code    88  main.o(i.get_gimbal_chasis_angle_gap)
    gimbal_control                           0x08002fe1   Thumb Code    82  motor.o(i.gimbal_control)
    gimbal_motor_message_send                0x08003041   Thumb Code    56  motor_message.o(i.gimbal_motor_message_send)
    gimbal_motor_pid_excute                  0x08003079   Thumb Code    26  motor.o(i.gimbal_motor_pid_excute)
    main                                     0x08003095   Thumb Code    90  main.o(i.main)
    __aeabi_dneg                             0x080030fd   Thumb Code     0  basic.o(x$fpl$basic)
    _dneg                                    0x080030fd   Thumb Code     6  basic.o(x$fpl$basic)
    __aeabi_fneg                             0x08003103   Thumb Code     0  basic.o(x$fpl$basic)
    _fneg                                    0x08003103   Thumb Code     6  basic.o(x$fpl$basic)
    _dabs                                    0x08003109   Thumb Code     6  basic.o(x$fpl$basic)
    _fabs                                    0x0800310f   Thumb Code     6  basic.o(x$fpl$basic)
    __aeabi_d2f                              0x08003115   Thumb Code     0  d2f.o(x$fpl$d2f)
    _d2f                                     0x08003115   Thumb Code    98  d2f.o(x$fpl$d2f)
    __aeabi_dadd                             0x08003179   Thumb Code     0  daddsub_clz.o(x$fpl$dadd)
    _dadd                                    0x08003179   Thumb Code   332  daddsub_clz.o(x$fpl$dadd)
    __aeabi_ddiv                             0x080032c9   Thumb Code     0  ddiv.o(x$fpl$ddiv)
    _ddiv                                    0x080032c9   Thumb Code   552  ddiv.o(x$fpl$ddiv)
    __aeabi_d2iz                             0x08003579   Thumb Code     0  dfix.o(x$fpl$dfix)
    _dfix                                    0x08003579   Thumb Code    94  dfix.o(x$fpl$dfix)
    __aeabi_i2d                              0x080035d7   Thumb Code     0  dflt_clz.o(x$fpl$dflt)
    _dflt                                    0x080035d7   Thumb Code    46  dflt_clz.o(x$fpl$dflt)
    __aeabi_ui2d                             0x08003605   Thumb Code     0  dflt_clz.o(x$fpl$dfltu)
    _dfltu                                   0x08003605   Thumb Code    38  dflt_clz.o(x$fpl$dfltu)
    __aeabi_dmul                             0x0800362d   Thumb Code     0  dmul.o(x$fpl$dmul)
    _dmul                                    0x0800362d   Thumb Code   332  dmul.o(x$fpl$dmul)
    __fpl_dnaninf                            0x08003781   Thumb Code   156  dnaninf.o(x$fpl$dnaninf)
    __fpl_dretinf                            0x0800381d   Thumb Code    12  dretinf.o(x$fpl$dretinf)
    __aeabi_drsub                            0x08003829   Thumb Code     0  daddsub_clz.o(x$fpl$drsb)
    _drsb                                    0x08003829   Thumb Code    22  daddsub_clz.o(x$fpl$drsb)
    __aeabi_dsub                             0x08003841   Thumb Code     0  daddsub_clz.o(x$fpl$dsub)
    _dsub                                    0x08003841   Thumb Code   464  daddsub_clz.o(x$fpl$dsub)
    __aeabi_f2d                              0x08003a15   Thumb Code     0  f2d.o(x$fpl$f2d)
    _f2d                                     0x08003a15   Thumb Code    86  f2d.o(x$fpl$f2d)
    __fpl_fnaninf                            0x08003a6b   Thumb Code   140  fnaninf.o(x$fpl$fnaninf)
    _fp_init                                 0x08003af7   Thumb Code    10  fpinit.o(x$fpl$fpinit)
    __fplib_config_fpu_vfp                   0x08003aff   Thumb Code     0  fpinit.o(x$fpl$fpinit)
    __fplib_config_pureend_doubles           0x08003aff   Thumb Code     0  fpinit.o(x$fpl$fpinit)
    __fpl_fretinf                            0x08003b01   Thumb Code    10  fretinf.o(x$fpl$fretinf)
    __I$use$fp                               0x08003b0a   Number         0  usenofp.o(x$fpl$usenofp)
    AHBPrescTable                            0x08003b1a   Data          16  system_stm32g4xx.o(.constdata)
    Region$$Table$$Base                      0x08003c50   Number         0  anon$$obj.o(Region$$Table)
    Region$$Table$$Limit                     0x08003c70   Number         0  anon$$obj.o(Region$$Table)
    flag                                     0x20000000   Data           4  main.o(.data)
    uwTickPrio                               0x20000008   Data           4  stm32g4xx_hal.o(.data)
    uwTickFreq                               0x2000000c   Data           4  stm32g4xx_hal.o(.data)
    uwTick                                   0x20000010   Data           4  stm32g4xx_hal.o(.data)
    SystemCoreClock                          0x20000014   Data           4  system_stm32g4xx.o(.data)
    controller                               0x20000018   Data          28  main.o(.bss)
    Motor_Tasks                              0x20000034   Data         684  main.o(.bss)
    hfdcan1                                  0x200002e0   Data         100  fdcan.o(.bss)
    hfdcan2                                  0x20000344   Data         100  fdcan.o(.bss)
    __libspace_start                         0x200003a8   Data          96  libspace.o(.bss)
    __temporary_stack_top$libspace           0x20000408   Data           0  libspace.o(.bss)



==============================================================================

Memory Map of the image

  Image Entry point : 0x080001d9

  Load Region LR_IROM1 (Base: 0x08000000, Size: 0x00003c88, Max: 0x00020000, ABSOLUTE)

    Execution Region ER_IROM1 (Exec base: 0x08000000, Load base: 0x08000000, Size: 0x00003c70, Max: 0x00020000, ABSOLUTE)

    Exec Addr    Load Addr    Size         Type   Attr      Idx    E Section Name        Object

    0x08000000   0x08000000   0x000001d8   Data   RO            3    RESET               startup_stm32g473xx.o
    0x080001d8   0x080001d8   0x00000008   Code   RO         2573  * !!!main             c_w.l(__main.o)
    0x080001e0   0x080001e0   0x00000034   Code   RO         2836    !!!scatter          c_w.l(__scatter.o)
    0x08000214   0x08000214   0x0000001a   Code   RO         2838    !!handler_copy      c_w.l(__scatter_copy.o)
    0x0800022e   0x0800022e   0x00000002   PAD
    0x08000230   0x08000230   0x0000001c   Code   RO         2840    !!handler_zi        c_w.l(__scatter_zi.o)
    0x0800024c   0x0800024c   0x00000002   Code   RO         2709    .ARM.Collect$$libinit$$00000000  c_w.l(libinit.o)
    0x0800024e   0x0800024e   0x00000004   Code   RO         2712    .ARM.Collect$$libinit$$00000001  c_w.l(libinit2.o)
    0x08000252   0x08000252   0x00000000   Code   RO         2715    .ARM.Collect$$libinit$$00000004  c_w.l(libinit2.o)
    0x08000252   0x08000252   0x00000000   Code   RO         2718    .ARM.Collect$$libinit$$0000000A  c_w.l(libinit2.o)
    0x08000252   0x08000252   0x00000000   Code   RO         2720    .ARM.Collect$$libinit$$0000000C  c_w.l(libinit2.o)
    0x08000252   0x08000252   0x00000000   Code   RO         2722    .ARM.Collect$$libinit$$0000000E  c_w.l(libinit2.o)
    0x08000252   0x08000252   0x00000000   Code   RO         2725    .ARM.Collect$$libinit$$00000011  c_w.l(libinit2.o)
    0x08000252   0x08000252   0x00000000   Code   RO         2727    .ARM.Collect$$libinit$$00000013  c_w.l(libinit2.o)
    0x08000252   0x08000252   0x00000000   Code   RO         2729    .ARM.Collect$$libinit$$00000015  c_w.l(libinit2.o)
    0x08000252   0x08000252   0x00000000   Code   RO         2731    .ARM.Collect$$libinit$$00000017  c_w.l(libinit2.o)
    0x08000252   0x08000252   0x00000000   Code   RO         2733    .ARM.Collect$$libinit$$00000019  c_w.l(libinit2.o)
    0x08000252   0x08000252   0x00000000   Code   RO         2735    .ARM.Collect$$libinit$$0000001B  c_w.l(libinit2.o)
    0x08000252   0x08000252   0x00000000   Code   RO         2737    .ARM.Collect$$libinit$$0000001D  c_w.l(libinit2.o)
    0x08000252   0x08000252   0x00000000   Code   RO         2739    .ARM.Collect$$libinit$$0000001F  c_w.l(libinit2.o)
    0x08000252   0x08000252   0x00000000   Code   RO         2741    .ARM.Collect$$libinit$$00000021  c_w.l(libinit2.o)
    0x08000252   0x08000252   0x00000000   Code   RO         2743    .ARM.Collect$$libinit$$00000023  c_w.l(libinit2.o)
    0x08000252   0x08000252   0x00000000   Code   RO         2745    .ARM.Collect$$libinit$$00000025  c_w.l(libinit2.o)
    0x08000252   0x08000252   0x00000000   Code   RO         2749    .ARM.Collect$$libinit$$0000002C  c_w.l(libinit2.o)
    0x08000252   0x08000252   0x00000000   Code   RO         2751    .ARM.Collect$$libinit$$0000002E  c_w.l(libinit2.o)
    0x08000252   0x08000252   0x00000000   Code   RO         2753    .ARM.Collect$$libinit$$00000030  c_w.l(libinit2.o)
    0x08000252   0x08000252   0x00000000   Code   RO         2755    .ARM.Collect$$libinit$$00000032  c_w.l(libinit2.o)
    0x08000252   0x08000252   0x00000002   Code   RO         2756    .ARM.Collect$$libinit$$00000033  c_w.l(libinit2.o)
    0x08000254   0x08000254   0x00000002   Code   RO         2776    .ARM.Collect$$libshutdown$$00000000  c_w.l(libshutdown.o)
    0x08000256   0x08000256   0x00000000   Code   RO         2789    .ARM.Collect$$libshutdown$$00000002  c_w.l(libshutdown2.o)
    0x08000256   0x08000256   0x00000000   Code   RO         2791    .ARM.Collect$$libshutdown$$00000004  c_w.l(libshutdown2.o)
    0x08000256   0x08000256   0x00000000   Code   RO         2794    .ARM.Collect$$libshutdown$$00000007  c_w.l(libshutdown2.o)
    0x08000256   0x08000256   0x00000000   Code   RO         2797    .ARM.Collect$$libshutdown$$0000000A  c_w.l(libshutdown2.o)
    0x08000256   0x08000256   0x00000000   Code   RO         2799    .ARM.Collect$$libshutdown$$0000000C  c_w.l(libshutdown2.o)
    0x08000256   0x08000256   0x00000000   Code   RO         2802    .ARM.Collect$$libshutdown$$0000000F  c_w.l(libshutdown2.o)
    0x08000256   0x08000256   0x00000002   Code   RO         2803    .ARM.Collect$$libshutdown$$00000010  c_w.l(libshutdown2.o)
    0x08000258   0x08000258   0x00000000   Code   RO         2611    .ARM.Collect$$rtentry$$00000000  c_w.l(__rtentry.o)
    0x08000258   0x08000258   0x00000000   Code   RO         2654    .ARM.Collect$$rtentry$$00000002  c_w.l(__rtentry2.o)
    0x08000258   0x08000258   0x00000006   Code   RO         2666    .ARM.Collect$$rtentry$$00000004  c_w.l(__rtentry4.o)
    0x0800025e   0x0800025e   0x00000000   Code   RO         2656    .ARM.Collect$$rtentry$$00000009  c_w.l(__rtentry2.o)
    0x0800025e   0x0800025e   0x00000004   Code   RO         2657    .ARM.Collect$$rtentry$$0000000A  c_w.l(__rtentry2.o)
    0x08000262   0x08000262   0x00000000   Code   RO         2659    .ARM.Collect$$rtentry$$0000000C  c_w.l(__rtentry2.o)
    0x08000262   0x08000262   0x00000008   Code   RO         2660    .ARM.Collect$$rtentry$$0000000D  c_w.l(__rtentry2.o)
    0x0800026a   0x0800026a   0x00000002   Code   RO         2710    .ARM.Collect$$rtexit$$00000000  c_w.l(rtexit.o)
    0x0800026c   0x0800026c   0x00000000   Code   RO         2758    .ARM.Collect$$rtexit$$00000002  c_w.l(rtexit2.o)
    0x0800026c   0x0800026c   0x00000004   Code   RO         2759    .ARM.Collect$$rtexit$$00000003  c_w.l(rtexit2.o)
    0x08000270   0x08000270   0x00000006   Code   RO         2760    .ARM.Collect$$rtexit$$00000004  c_w.l(rtexit2.o)
    0x08000276   0x08000276   0x00000002   PAD
    0x08000278   0x08000278   0x00000040   Code   RO            4    .text               startup_stm32g473xx.o
    0x080002b8   0x080002b8   0x0000004e   Code   RO         2569    .text               c_w.l(rt_memclr_w.o)
    0x08000306   0x08000306   0x00000006   Code   RO         2571    .text               c_w.l(heapauxi.o)
    0x0800030c   0x0800030c   0x00000016   Code   RO         2612    .text               c_w.l(_rserrno.o)
    0x08000322   0x08000322   0x00000002   PAD
    0x08000324   0x08000324   0x00000008   Code   RO         2671    .text               c_w.l(rt_errno_addr_intlibspace.o)
    0x0800032c   0x0800032c   0x00000008   Code   RO         2697    .text               c_w.l(libspace.o)
    0x08000334   0x08000334   0x0000004a   Code   RO         2700    .text               c_w.l(sys_stackheap_outer.o)
    0x0800037e   0x0800037e   0x00000012   Code   RO         2702    .text               c_w.l(exit.o)
    0x08000390   0x08000390   0x0000000c   Code   RO         2768    .text               c_w.l(sys_exit.o)
    0x0800039c   0x0800039c   0x00000002   Code   RO         2779    .text               c_w.l(use_no_semi.o)
    0x0800039e   0x0800039e   0x00000000   Code   RO         2781    .text               c_w.l(indicate_semi.o)
    0x0800039e   0x0800039e   0x00000002   Code   RO          466    i.BusFault_Handler  stm32g4xx_it.o
    0x080003a0   0x080003a0   0x00000018   Code   RO          242    i.Calculate_Cascade_PID  pid.o
    0x080003b8   0x080003b8   0x000000c0   Code   RO          243    i.Calculate_Ex_PID  pid.o
    0x08000478   0x08000478   0x000000bc   Code   RO          244    i.Calculate_In_PID  pid.o
    0x08000534   0x08000534   0x000000bc   Code   RO          245    i.Calculate_PID     pid.o
    0x080005f0   0x080005f0   0x000000c4   Code   RO          246    i.Calculate_follow_PID  pid.o
    0x080006b4   0x080006b4   0x00000044   Code   RO          247    i.Clear_Cascade_PID  pid.o
    0x080006f8   0x080006f8   0x0000004a   Code   RO           13    i.DR16_command_process  dr16.o
    0x08000742   0x08000742   0x00000002   Code   RO          467    i.DebugMon_Handler  stm32g4xx_it.o
    0x08000744   0x08000744   0x00000004   Code   RO          320    i.Error_Handler     main.o
    0x08000748   0x08000748   0x0000000c   Code   RO          468    i.FDCAN1_IT0_IRQHandler  stm32g4xx_it.o
    0x08000754   0x08000754   0x0000000c   Code   RO          469    i.FDCAN1_IT1_IRQHandler  stm32g4xx_it.o
    0x08000760   0x08000760   0x0000000c   Code   RO          470    i.FDCAN2_IT0_IRQHandler  stm32g4xx_it.o
    0x0800076c   0x0800076c   0x0000000c   Code   RO          471    i.FDCAN2_IT1_IRQHandler  stm32g4xx_it.o
    0x08000778   0x08000778   0x00000064   Code   RO          590    i.FDCAN_CopyMessageToRAM  stm32g4xx_hal_fdcan.o
    0x080007dc   0x080007dc   0x000000e0   Code   RO          592    i.HAL_FDCAN_ActivateNotification  stm32g4xx_hal_fdcan.o
    0x080008bc   0x080008bc   0x0000004a   Code   RO          593    i.HAL_FDCAN_AddMessageToTxFifoQ  stm32g4xx_hal_fdcan.o
    0x08000906   0x08000906   0x0000005c   Code   RO          595    i.HAL_FDCAN_ConfigFilter  stm32g4xx_hal_fdcan.o
    0x08000962   0x08000962   0x00000002   Code   RO          616    i.HAL_FDCAN_ErrorCallback  stm32g4xx_hal_fdcan.o
    0x08000964   0x08000964   0x00000002   Code   RO          617    i.HAL_FDCAN_ErrorStatusCallback  stm32g4xx_hal_fdcan.o
    0x08000966   0x08000966   0x00000002   PAD
    0x08000968   0x08000968   0x00000114   Code   RO          626    i.HAL_FDCAN_GetRxMessage  stm32g4xx_hal_fdcan.o
    0x08000a7c   0x08000a7c   0x00000002   Code   RO          632    i.HAL_FDCAN_HighPriorityMessageCallback  stm32g4xx_hal_fdcan.o
    0x08000a7e   0x08000a7e   0x00000164   Code   RO          633    i.HAL_FDCAN_IRQHandler  stm32g4xx_hal_fdcan.o
    0x08000be2   0x08000be2   0x00000002   PAD
    0x08000be4   0x08000be4   0x00000218   Code   RO          634    i.HAL_FDCAN_Init    stm32g4xx_hal_fdcan.o
    0x08000dfc   0x08000dfc   0x00000134   Code   RO          418    i.HAL_FDCAN_MspInit  fdcan.o
    0x08000f30   0x08000f30   0x000000ec   Code   RO          321    i.HAL_FDCAN_RxFifo0Callback  main.o
    0x0800101c   0x0800101c   0x00000002   Code   RO          642    i.HAL_FDCAN_RxFifo1Callback  stm32g4xx_hal_fdcan.o
    0x0800101e   0x0800101e   0x0000002c   Code   RO          643    i.HAL_FDCAN_Start   stm32g4xx_hal_fdcan.o
    0x0800104a   0x0800104a   0x00000002   Code   RO          645    i.HAL_FDCAN_TimeoutOccurredCallback  stm32g4xx_hal_fdcan.o
    0x0800104c   0x0800104c   0x00000002   Code   RO          646    i.HAL_FDCAN_TimestampWraparoundCallback  stm32g4xx_hal_fdcan.o
    0x0800104e   0x0800104e   0x00000002   Code   RO          647    i.HAL_FDCAN_TxBufferAbortCallback  stm32g4xx_hal_fdcan.o
    0x08001050   0x08001050   0x00000002   Code   RO          648    i.HAL_FDCAN_TxBufferCompleteCallback  stm32g4xx_hal_fdcan.o
    0x08001052   0x08001052   0x00000002   Code   RO          649    i.HAL_FDCAN_TxEventFifoCallback  stm32g4xx_hal_fdcan.o
    0x08001054   0x08001054   0x00000002   Code   RO          650    i.HAL_FDCAN_TxFifoEmptyCallback  stm32g4xx_hal_fdcan.o
    0x08001056   0x08001056   0x00000002   PAD
    0x08001058   0x08001058   0x00000248   Code   RO         1707    i.HAL_GPIO_Init     stm32g4xx_hal_gpio.o
    0x080012a0   0x080012a0   0x0000000c   Code   RO          986    i.HAL_GetTick       stm32g4xx_hal.o
    0x080012ac   0x080012ac   0x00000010   Code   RO          992    i.HAL_IncTick       stm32g4xx_hal.o
    0x080012bc   0x080012bc   0x0000001e   Code   RO          993    i.HAL_Init          stm32g4xx_hal.o
    0x080012da   0x080012da   0x00000002   PAD
    0x080012dc   0x080012dc   0x00000044   Code   RO          994    i.HAL_InitTick      stm32g4xx_hal.o
    0x08001320   0x08001320   0x00000030   Code   RO          566    i.HAL_MspInit       stm32g4xx_hal_msp.o
    0x08001350   0x08001350   0x0000001a   Code   RO         2356    i.HAL_NVIC_EnableIRQ  stm32g4xx_hal_cortex.o
    0x0800136a   0x0800136a   0x00000002   PAD
    0x0800136c   0x0800136c   0x00000040   Code   RO         2362    i.HAL_NVIC_SetPriority  stm32g4xx_hal_cortex.o
    0x080013ac   0x080013ac   0x00000024   Code   RO         2363    i.HAL_NVIC_SetPriorityGrouping  stm32g4xx_hal_cortex.o
    0x080013d0   0x080013d0   0x000000bc   Code   RO         2110    i.HAL_PWREx_ControlVoltageScaling  stm32g4xx_hal_pwr_ex.o
    0x0800148c   0x0800148c   0x00000010   Code   RO         2122    i.HAL_PWREx_DisableUCPDDeadBattery  stm32g4xx_hal_pwr_ex.o
    0x0800149c   0x0800149c   0x00000300   Code   RO         1353    i.HAL_RCCEx_PeriphCLKConfig  stm32g4xx_hal_rcc_ex.o
    0x0800179c   0x0800179c   0x000001dc   Code   RO         1228    i.HAL_RCC_ClockConfig  stm32g4xx_hal_rcc.o
    0x08001978   0x08001978   0x0000006c   Code   RO         1238    i.HAL_RCC_GetSysClockFreq  stm32g4xx_hal_rcc.o
    0x080019e4   0x080019e4   0x00000404   Code   RO         1241    i.HAL_RCC_OscConfig  stm32g4xx_hal_rcc.o
    0x08001de8   0x08001de8   0x00000028   Code   RO         2367    i.HAL_SYSTICK_Config  stm32g4xx_hal_cortex.o
    0x08001e10   0x08001e10   0x00000002   Code   RO          472    i.HardFault_Handler  stm32g4xx_it.o
    0x08001e12   0x08001e12   0x00000002   PAD
    0x08001e14   0x08001e14   0x00000064   Code   RO          248    i.Init_Cascade_PID  pid.o
    0x08001e78   0x08001e78   0x00000054   Code   RO          322    i.Init_Motors       main.o
    0x08001ecc   0x08001ecc   0x00000060   Code   RO          323    i.Init_can_filter   main.o
    0x08001f2c   0x08001f2c   0x0000003c   Code   RO          249    i.Init_chasis_PID   pid.o
    0x08001f68   0x08001f68   0x00000048   Code   RO          250    i.Init_follow_PID   pid.o
    0x08001fb0   0x08001fb0   0x00000050   Code   RO          419    i.MX_FDCAN1_Init    fdcan.o
    0x08002000   0x08002000   0x00000050   Code   RO          420    i.MX_FDCAN2_Init    fdcan.o
    0x08002050   0x08002050   0x0000003c   Code   RO          393    i.MX_GPIO_Init      gpio.o
    0x0800208c   0x0800208c   0x00000002   Code   RO          473    i.MemManage_Handler  stm32g4xx_it.o
    0x0800208e   0x0800208e   0x00000002   PAD
    0x08002090   0x08002090   0x0000013c   Code   RO          132    i.Motor_PID_update  motor.o
    0x080021cc   0x080021cc   0x00000002   Code   RO          474    i.NMI_Handler       stm32g4xx_it.o
    0x080021ce   0x080021ce   0x00000002   Code   RO          475    i.PendSV_Handler    stm32g4xx_it.o
    0x080021d0   0x080021d0   0x00000044   Code   RO          251    i.Pre_angle_Cascade_PID  pid.o
    0x08002214   0x08002214   0x00000002   Code   RO          476    i.SVC_Handler       stm32g4xx_it.o
    0x08002216   0x08002216   0x00000004   Code   RO          477    i.SysTick_Handler   stm32g4xx_it.o
    0x0800221a   0x0800221a   0x00000068   Code   RO          324    i.SystemClock_Config  main.o
    0x08002282   0x08002282   0x00000002   PAD
    0x08002284   0x08002284   0x00000010   Code   RO         2533    i.SystemInit        system_stm32g4xx.o
    0x08002294   0x08002294   0x00000002   Code   RO          478    i.UsageFault_Handler  stm32g4xx_it.o
    0x08002296   0x08002296   0x00000030   Code   RO         2693    i.__ARM_fpclassify  m_wm.l(fpclassify.o)
    0x080022c6   0x080022c6   0x00000020   Code   RO         2369    i.__NVIC_SetPriority  stm32g4xx_hal_cortex.o
    0x080022e6   0x080022e6   0x00000002   PAD
    0x080022e8   0x080022e8   0x000000c8   Code   RO         2587    i.__hardfp_cos      m_wm.l(cos.o)
    0x080023b0   0x080023b0   0x000000c8   Code   RO         2599    i.__hardfp_sin      m_wm.l(sin.o)
    0x08002478   0x08002478   0x00000438   Code   RO         2642    i.__ieee754_rem_pio2  m_wm.l(rred.o)
    0x080028b0   0x080028b0   0x00000170   Code   RO         2625    i.__kernel_cos      m_wm.l(cos_i.o)
    0x08002a20   0x08002a20   0x000000f8   Code   RO         2695    i.__kernel_poly     m_wm.l(poly.o)
    0x08002b18   0x08002b18   0x00000130   Code   RO         2647    i.__kernel_sin      m_wm.l(sin_i.o)
    0x08002c48   0x08002c48   0x00000014   Code   RO         2629    i.__mathlib_dbl_infnan  m_wm.l(dunder.o)
    0x08002c5c   0x08002c5c   0x00000004   PAD
    0x08002c60   0x08002c60   0x00000020   Code   RO         2631    i.__mathlib_dbl_invalid  m_wm.l(dunder.o)
    0x08002c80   0x08002c80   0x00000020   Code   RO         2634    i.__mathlib_dbl_underflow  m_wm.l(dunder.o)
    0x08002ca0   0x08002ca0   0x00000072   Code   RO          196    i.chasis_motor_message_send  motor_message.o
    0x08002d12   0x08002d12   0x00000002   PAD
    0x08002d14   0x08002d14   0x00000178   Code   RO          133    i.chasis_moving_encoder  motor.o
    0x08002e8c   0x08002e8c   0x00000064   Code   RO          134    i.chasis_pid_excute  motor.o
    0x08002ef0   0x08002ef0   0x00000018   Code   RO         2689    i.fabs              m_wm.l(fabs.o)
    0x08002f08   0x08002f08   0x0000003c   Code   RO          197    i.fdcan_message_get  motor_message.o
    0x08002f44   0x08002f44   0x00000008   Code   RO          135    i.follow_pid_excute  motor.o
    0x08002f4c   0x08002f4c   0x00000028   Code   RO          325    i.get_gimbal_angle  main.o
    0x08002f74   0x08002f74   0x0000006c   Code   RO          326    i.get_gimbal_chasis_angle_gap  main.o
    0x08002fe0   0x08002fe0   0x00000060   Code   RO          136    i.gimbal_control    motor.o
    0x08003040   0x08003040   0x00000038   Code   RO          198    i.gimbal_motor_message_send  motor_message.o
    0x08003078   0x08003078   0x0000001a   Code   RO          137    i.gimbal_motor_pid_excute  motor.o
    0x08003092   0x08003092   0x00000002   PAD
    0x08003094   0x08003094   0x00000068   Code   RO          327    i.main              main.o
    0x080030fc   0x080030fc   0x00000018   Code   RO         2614    x$fpl$basic         fz_wm.l(basic.o)
    0x08003114   0x08003114   0x00000062   Code   RO         2575    x$fpl$d2f           fz_wm.l(d2f.o)
    0x08003176   0x08003176   0x00000002   PAD
    0x08003178   0x08003178   0x00000150   Code   RO         2577    x$fpl$dadd          fz_wm.l(daddsub_clz.o)
    0x080032c8   0x080032c8   0x000002b0   Code   RO         2674    x$fpl$ddiv          fz_wm.l(ddiv.o)
    0x08003578   0x08003578   0x0000005e   Code   RO         2677    x$fpl$dfix          fz_wm.l(dfix.o)
    0x080035d6   0x080035d6   0x0000002e   Code   RO         2682    x$fpl$dflt          fz_wm.l(dflt_clz.o)
    0x08003604   0x08003604   0x00000026   Code   RO         2681    x$fpl$dfltu         fz_wm.l(dflt_clz.o)
    0x0800362a   0x0800362a   0x00000002   PAD
    0x0800362c   0x0800362c   0x00000154   Code   RO         2583    x$fpl$dmul          fz_wm.l(dmul.o)
    0x08003780   0x08003780   0x0000009c   Code   RO         2616    x$fpl$dnaninf       fz_wm.l(dnaninf.o)
    0x0800381c   0x0800381c   0x0000000c   Code   RO         2618    x$fpl$dretinf       fz_wm.l(dretinf.o)
    0x08003828   0x08003828   0x00000016   Code   RO         2578    x$fpl$drsb          fz_wm.l(daddsub_clz.o)
    0x0800383e   0x0800383e   0x00000002   PAD
    0x08003840   0x08003840   0x000001d4   Code   RO         2579    x$fpl$dsub          fz_wm.l(daddsub_clz.o)
    0x08003a14   0x08003a14   0x00000056   Code   RO         2585    x$fpl$f2d           fz_wm.l(f2d.o)
    0x08003a6a   0x08003a6a   0x0000008c   Code   RO         2620    x$fpl$fnaninf       fz_wm.l(fnaninf.o)
    0x08003af6   0x08003af6   0x0000000a   Code   RO         2766    x$fpl$fpinit        fz_wm.l(fpinit.o)
    0x08003b00   0x08003b00   0x0000000a   Code   RO         2622    x$fpl$fretinf       fz_wm.l(fretinf.o)
    0x08003b0a   0x08003b0a   0x00000000   Code   RO         2624    x$fpl$usenofp       fz_wm.l(usenofp.o)
    0x08003b0a   0x08003b0a   0x00000010   Data   RO          651    .constdata          stm32g4xx_hal_fdcan.o
    0x08003b1a   0x08003b1a   0x00000010   Data   RO         2534    .constdata          system_stm32g4xx.o
    0x08003b2a   0x08003b2a   0x00000006   PAD
    0x08003b30   0x08003b30   0x00000030   Data   RO         2626    .constdata          m_wm.l(cos_i.o)
    0x08003b60   0x08003b60   0x000000c8   Data   RO         2644    .constdata          m_wm.l(rred.o)
    0x08003c28   0x08003c28   0x00000028   Data   RO         2648    .constdata          m_wm.l(sin_i.o)
    0x08003c50   0x08003c50   0x00000020   Data   RO         2834    Region$$Table       anon$$obj.o


    Execution Region RW_IRAM1 (Exec base: 0x20000000, Load base: 0x08003c70, Size: 0x00000a08, Max: 0x00020000, ABSOLUTE)

    Exec Addr    Load Addr    Size         Type   Attr      Idx    E Section Name        Object

    0x20000000   0x08003c70   0x00000004   Data   RW          329    .data               main.o
    0x20000004   0x08003c74   0x00000004   Data   RW          422    .data               fdcan.o
    0x20000008   0x08003c78   0x0000000c   Data   RW         1013    .data               stm32g4xx_hal.o
    0x20000014   0x08003c84   0x00000004   Data   RW         2536    .data               system_stm32g4xx.o
    0x20000018        -       0x000002c8   Zero   RW          328    .bss                main.o
    0x200002e0        -       0x000000c8   Zero   RW          421    .bss                fdcan.o
    0x200003a8        -       0x00000060   Zero   RW         2698    .bss                c_w.l(libspace.o)
    0x20000408        -       0x00000200   Zero   RW            2    HEAP                startup_stm32g473xx.o
    0x20000608        -       0x00000400   Zero   RW            1    STACK               startup_stm32g473xx.o


==============================================================================

Image component sizes


      Code (inc. data)   RO Data    RW Data    ZI Data      Debug   Object Name

        74          0          0          0          0     629607   dr16.o
       468         42          0          4        200       2944   fdcan.o
        60          6          0          0          0        967   gpio.o
       776         92          0          4        712       6548   main.o
       922         54          0          0          0       6146   motor.o
       230          0          0          0          0       2548   motor_message.o
      1156        162          0          0          0       6824   pid.o
        64         26        472          0       1536        912   startup_stm32g473xx.o
       126         20          0         12          0       4085   stm32g4xx_hal.o
       198         14          0          0          0      34243   stm32g4xx_hal_cortex.o
      1722         34         16          0          0      17894   stm32g4xx_hal_fdcan.o
       584         34          0          0          0       1820   stm32g4xx_hal_gpio.o
        48          6          0          0          0       1002   stm32g4xx_hal_msp.o
       204         18          0          0          0       1537   stm32g4xx_hal_pwr_ex.o
      1612         64          0          0          0       5346   stm32g4xx_hal_rcc.o
       768         10          0          0          0       2104   stm32g4xx_hal_rcc_ex.o
        68         24          0          0          0       6942   stm32g4xx_it.o
        16          4         16          4          0       1331   system_stm32g4xx.o

    ----------------------------------------------------------------------
      9118        610        542         24       2448     732800   Object Totals
         0          0         32          0          0          0   (incl. Generated)
        22          0          6          0          0          0   (incl. Padding)

    ----------------------------------------------------------------------

      Code (inc. data)   RO Data    RW Data    ZI Data      Debug   Library Member Name

         8          0          0          0          0         68   __main.o
         0          0          0          0          0          0   __rtentry.o
        12          0          0          0          0          0   __rtentry2.o
         6          0          0          0          0          0   __rtentry4.o
        52          8          0          0          0          0   __scatter.o
        26          0          0          0          0          0   __scatter_copy.o
        28          0          0          0          0          0   __scatter_zi.o
        22          0          0          0          0        100   _rserrno.o
        18          0          0          0          0         80   exit.o
         6          0          0          0          0        152   heapauxi.o
         0          0          0          0          0          0   indicate_semi.o
         2          0          0          0          0          0   libinit.o
         6          0          0          0          0          0   libinit2.o
         2          0          0          0          0          0   libshutdown.o
         2          0          0          0          0          0   libshutdown2.o
         8          4          0          0         96         68   libspace.o
         8          4          0          0          0         68   rt_errno_addr_intlibspace.o
        78          0          0          0          0         80   rt_memclr_w.o
         2          0          0          0          0          0   rtexit.o
        10          0          0          0          0          0   rtexit2.o
        12          4          0          0          0         68   sys_exit.o
        74          0          0          0          0         80   sys_stackheap_outer.o
         2          0          0          0          0         68   use_no_semi.o
        24          0          0          0          0        164   basic.o
        98          4          0          0          0        140   d2f.o
       826         16          0          0          0        492   daddsub_clz.o
       688        140          0          0          0        256   ddiv.o
        94          4          0          0          0        140   dfix.o
        84          0          0          0          0        232   dflt_clz.o
       340         12          0          0          0        152   dmul.o
       156          4          0          0          0        140   dnaninf.o
        12          0          0          0          0        116   dretinf.o
        86          4          0          0          0        132   f2d.o
       140          4          0          0          0        132   fnaninf.o
        10          0          0          0          0        116   fpinit.o
        10          0          0          0          0        116   fretinf.o
         0          0          0          0          0          0   usenofp.o
       200         20          0          0          0        164   cos.o
       368         46         48          0          0        200   cos_i.o
        84         16          0          0          0        372   dunder.o
        24          0          0          0          0        124   fabs.o
        48          0          0          0          0        124   fpclassify.o
       248          0          0          0          0        152   poly.o
      1080        142        200          0          0        188   rred.o
       200         20          0          0          0        164   sin.o
       304         24         40          0          0        208   sin_i.o

    ----------------------------------------------------------------------
      5524        476        288          0         96       4856   Library Totals
        16          0          0          0          0          0   (incl. Padding)

    ----------------------------------------------------------------------

      Code (inc. data)   RO Data    RW Data    ZI Data      Debug   Library Name

       384         20          0          0         96        832   c_w.l
      2568        188          0          0          0       2328   fz_wm.l
      2556        268        288          0          0       1696   m_wm.l

    ----------------------------------------------------------------------
      5524        476        288          0         96       4856   Library Totals

    ----------------------------------------------------------------------

==============================================================================


      Code (inc. data)   RO Data    RW Data    ZI Data      Debug   

     14642       1086        830         24       2544     727944   Grand Totals
     14642       1086        830         24       2544     727944   ELF Image Totals
     14642       1086        830         24          0          0   ROM Totals

==============================================================================

    Total RO  Size (Code + RO Data)                15472 (  15.11kB)
    Total RW  Size (RW Data + ZI Data)              2568 (   2.51kB)
    Total ROM Size (Code + RO Data + RW Data)      15496 (  15.13kB)

==============================================================================

